<?xml version="1.0"?>
<link_info>
   <banner>TMS320C55x Linker PC v4.4.1</banner>
   <copyright>Copyright (c) 1996-2012 Texas Instruments Incorporated</copyright>
   <link_time>0x61c0f8a0</link_time>
   <output_file>Decoder.out</output_file>
   <entry_point>
      <name>_c_int00</name>
      <address>0x259ad</address>
   </entry_point>
   <input_file_list>
      <input_file id="fl-2">
         <path>.\</path>
         <kind>object</kind>
         <file>WAVheader.obj</file>
         <name>WAVheader.obj</name>
      </input_file>
      <input_file id="fl-3">
         <path>.\</path>
         <kind>object</kind>
         <file>aic3204.obj</file>
         <name>aic3204.obj</name>
      </input_file>
      <input_file id="fl-4">
         <path>.\</path>
         <kind>object</kind>
         <file>aic3204_init.obj</file>
         <name>aic3204_init.obj</name>
      </input_file>
      <input_file id="fl-5">
         <path>.\</path>
         <kind>object</kind>
         <file>decode.obj</file>
         <name>decode.obj</name>
      </input_file>
      <input_file id="fl-6">
         <path>.\</path>
         <kind>object</kind>
         <file>ezdsp5535_aic3204_dma.obj</file>
         <name>ezdsp5535_aic3204_dma.obj</name>
      </input_file>
      <input_file id="fl-7">
         <path>.\</path>
         <kind>object</kind>
         <file>main.obj</file>
         <name>main.obj</name>
      </input_file>
      <input_file id="fl-8">
         <path>.\</path>
         <kind>object</kind>
         <file>quant.obj</file>
         <name>quant.obj</name>
      </input_file>
      <input_file id="fl-13">
         <path>..\c55xx_csl\lib\</path>
         <kind>archive</kind>
         <file>55xdspx_r3.lib</file>
         <name>cbrev.obj</name>
      </input_file>
      <input_file id="fl-14">
         <path>..\c55xx_csl\lib\</path>
         <kind>archive</kind>
         <file>55xdspx_r3.lib</file>
         <name>cifft_noscale.obj</name>
      </input_file>
      <input_file id="fl-15">
         <path>..\c55xx_csl\lib\</path>
         <kind>archive</kind>
         <file>55xdspx_r3.lib</file>
         <name>twiddle.obj</name>
      </input_file>
      <input_file id="fl-16">
         <path>..\c55xx_csl\lib\</path>
         <kind>archive</kind>
         <file>55xdspx_r3.lib</file>
         <name>unpacki.obj</name>
      </input_file>
      <input_file id="fl-17">
         <path>..\lib\</path>
         <kind>archive</kind>
         <file>ezdsp5535bsl.lib</file>
         <name>ezdsp5535.obj</name>
      </input_file>
      <input_file id="fl-18">
         <path>C:\ti\ccsv6\tools\compiler\c5500_4.4.1\lib\</path>
         <kind>archive</kind>
         <file>rts55x.lib</file>
         <name>addd.obj</name>
      </input_file>
      <input_file id="fl-19">
         <path>C:\ti\ccsv6\tools\compiler\c5500_4.4.1\lib\</path>
         <kind>archive</kind>
         <file>rts55x.lib</file>
         <name>boot.obj</name>
      </input_file>
      <input_file id="fl-1a">
         <path>C:\ti\ccsv6\tools\compiler\c5500_4.4.1\lib\</path>
         <kind>archive</kind>
         <file>rts55x.lib</file>
         <name>divd.obj</name>
      </input_file>
      <input_file id="fl-1b">
         <path>C:\ti\ccsv6\tools\compiler\c5500_4.4.1\lib\</path>
         <kind>archive</kind>
         <file>rts55x.lib</file>
         <name>exit.obj</name>
      </input_file>
      <input_file id="fl-1c">
         <path>C:\ti\ccsv6\tools\compiler\c5500_4.4.1\lib\</path>
         <kind>archive</kind>
         <file>rts55x.lib</file>
         <name>fclose.obj</name>
      </input_file>
      <input_file id="fl-1d">
         <path>C:\ti\ccsv6\tools\compiler\c5500_4.4.1\lib\</path>
         <kind>archive</kind>
         <file>rts55x.lib</file>
         <name>fflush.obj</name>
      </input_file>
      <input_file id="fl-1e">
         <path>C:\ti\ccsv6\tools\compiler\c5500_4.4.1\lib\</path>
         <kind>archive</kind>
         <file>rts55x.lib</file>
         <name>fixdi.obj</name>
      </input_file>
      <input_file id="fl-1f">
         <path>C:\ti\ccsv6\tools\compiler\c5500_4.4.1\lib\</path>
         <kind>archive</kind>
         <file>rts55x.lib</file>
         <name>fixdli.obj</name>
      </input_file>
      <input_file id="fl-20">
         <path>C:\ti\ccsv6\tools\compiler\c5500_4.4.1\lib\</path>
         <kind>archive</kind>
         <file>rts55x.lib</file>
         <name>fltid.obj</name>
      </input_file>
      <input_file id="fl-21">
         <path>C:\ti\ccsv6\tools\compiler\c5500_4.4.1\lib\</path>
         <kind>archive</kind>
         <file>rts55x.lib</file>
         <name>fltlid.obj</name>
      </input_file>
      <input_file id="fl-22">
         <path>C:\ti\ccsv6\tools\compiler\c5500_4.4.1\lib\</path>
         <kind>archive</kind>
         <file>rts55x.lib</file>
         <name>fopen.obj</name>
      </input_file>
      <input_file id="fl-23">
         <path>C:\ti\ccsv6\tools\compiler\c5500_4.4.1\lib\</path>
         <kind>archive</kind>
         <file>rts55x.lib</file>
         <name>frcmpyd_div.obj</name>
      </input_file>
      <input_file id="fl-24">
         <path>C:\ti\ccsv6\tools\compiler\c5500_4.4.1\lib\</path>
         <kind>archive</kind>
         <file>rts55x.lib</file>
         <name>fread.obj</name>
      </input_file>
      <input_file id="fl-25">
         <path>C:\ti\ccsv6\tools\compiler\c5500_4.4.1\lib\</path>
         <kind>archive</kind>
         <file>rts55x.lib</file>
         <name>fwrite.obj</name>
      </input_file>
      <input_file id="fl-26">
         <path>C:\ti\ccsv6\tools\compiler\c5500_4.4.1\lib\</path>
         <kind>archive</kind>
         <file>rts55x.lib</file>
         <name>lmpy.obj</name>
      </input_file>
      <input_file id="fl-27">
         <path>C:\ti\ccsv6\tools\compiler\c5500_4.4.1\lib\</path>
         <kind>archive</kind>
         <file>rts55x.lib</file>
         <name>lowlev.obj</name>
      </input_file>
      <input_file id="fl-28">
         <path>C:\ti\ccsv6\tools\compiler\c5500_4.4.1\lib\</path>
         <kind>archive</kind>
         <file>rts55x.lib</file>
         <name>memcpy.obj</name>
      </input_file>
      <input_file id="fl-29">
         <path>C:\ti\ccsv6\tools\compiler\c5500_4.4.1\lib\</path>
         <kind>archive</kind>
         <file>rts55x.lib</file>
         <name>memory.obj</name>
      </input_file>
      <input_file id="fl-2a">
         <path>C:\ti\ccsv6\tools\compiler\c5500_4.4.1\lib\</path>
         <kind>archive</kind>
         <file>rts55x.lib</file>
         <name>mpyd.obj</name>
      </input_file>
      <input_file id="fl-2b">
         <path>C:\ti\ccsv6\tools\compiler\c5500_4.4.1\lib\</path>
         <kind>archive</kind>
         <file>rts55x.lib</file>
         <name>printf.obj</name>
      </input_file>
      <input_file id="fl-2c">
         <path>C:\ti\ccsv6\tools\compiler\c5500_4.4.1\lib\</path>
         <kind>archive</kind>
         <file>rts55x.lib</file>
         <name>remove.obj</name>
      </input_file>
      <input_file id="fl-2d">
         <path>C:\ti\ccsv6\tools\compiler\c5500_4.4.1\lib\</path>
         <kind>archive</kind>
         <file>rts55x.lib</file>
         <name>round.obj</name>
      </input_file>
      <input_file id="fl-2e">
         <path>C:\ti\ccsv6\tools\compiler\c5500_4.4.1\lib\</path>
         <kind>archive</kind>
         <file>rts55x.lib</file>
         <name>sin.obj</name>
      </input_file>
      <input_file id="fl-2f">
         <path>C:\ti\ccsv6\tools\compiler\c5500_4.4.1\lib\</path>
         <kind>archive</kind>
         <file>rts55x.lib</file>
         <name>subd.obj</name>
      </input_file>
      <input_file id="fl-30">
         <path>C:\ti\ccsv6\tools\compiler\c5500_4.4.1\lib\</path>
         <kind>archive</kind>
         <file>rts55x.lib</file>
         <name>trgdrv.obj</name>
      </input_file>
      <input_file id="fl-31">
         <path>C:\ti\ccsv6\tools\compiler\c5500_4.4.1\lib\</path>
         <kind>archive</kind>
         <file>rts55x.lib</file>
         <name>trgmsg.obj</name>
      </input_file>
      <input_file id="fl-32">
         <path>C:\ti\ccsv6\tools\compiler\c5500_4.4.1\lib\</path>
         <kind>archive</kind>
         <file>rts55x.lib</file>
         <name>trunc.obj</name>
      </input_file>
      <input_file id="fl-33">
         <path>C:\ti\ccsv6\tools\compiler\c5500_4.4.1\lib\</path>
         <kind>archive</kind>
         <file>rts55x.lib</file>
         <name>udiv.obj</name>
      </input_file>
      <input_file id="fl-34">
         <path>C:\ti\ccsv6\tools\compiler\c5500_4.4.1\lib\</path>
         <kind>archive</kind>
         <file>rts55x.lib</file>
         <name>vectors.obj</name>
      </input_file>
      <input_file id="fl-35">
         <path>C:\ti\ccsv6\tools\compiler\c5500_4.4.1\lib\</path>
         <kind>archive</kind>
         <file>rts55x.lib</file>
         <name>_bufread.obj</name>
      </input_file>
      <input_file id="fl-36">
         <path>C:\ti\ccsv6\tools\compiler\c5500_4.4.1\lib\</path>
         <kind>archive</kind>
         <file>rts55x.lib</file>
         <name>_io_perm.obj</name>
      </input_file>
      <input_file id="fl-37">
         <path>C:\ti\ccsv6\tools\compiler\c5500_4.4.1\lib\</path>
         <kind>archive</kind>
         <file>rts55x.lib</file>
         <name>_lock.obj</name>
      </input_file>
      <input_file id="fl-38">
         <path>C:\ti\ccsv6\tools\compiler\c5500_4.4.1\lib\</path>
         <kind>archive</kind>
         <file>rts55x.lib</file>
         <name>_printfi.obj</name>
      </input_file>
      <input_file id="fl-39">
         <path>C:\ti\ccsv6\tools\compiler\c5500_4.4.1\lib\</path>
         <kind>archive</kind>
         <file>rts55x.lib</file>
         <name>args_main.obj</name>
      </input_file>
      <input_file id="fl-3a">
         <path>C:\ti\ccsv6\tools\compiler\c5500_4.4.1\lib\</path>
         <kind>archive</kind>
         <file>rts55x.lib</file>
         <name>atoi.obj</name>
      </input_file>
      <input_file id="fl-3b">
         <path>C:\ti\ccsv6\tools\compiler\c5500_4.4.1\lib\</path>
         <kind>archive</kind>
         <file>rts55x.lib</file>
         <name>autoinit.obj</name>
      </input_file>
      <input_file id="fl-3c">
         <path>C:\ti\ccsv6\tools\compiler\c5500_4.4.1\lib\</path>
         <kind>archive</kind>
         <file>rts55x.lib</file>
         <name>cmpd.obj</name>
      </input_file>
      <input_file id="fl-3d">
         <path>C:\ti\ccsv6\tools\compiler\c5500_4.4.1\lib\</path>
         <kind>archive</kind>
         <file>rts55x.lib</file>
         <name>ctype.obj</name>
      </input_file>
      <input_file id="fl-3e">
         <path>C:\ti\ccsv6\tools\compiler\c5500_4.4.1\lib\</path>
         <kind>archive</kind>
         <file>rts55x.lib</file>
         <name>defs.obj</name>
      </input_file>
      <input_file id="fl-3f">
         <path>C:\ti\ccsv6\tools\compiler\c5500_4.4.1\lib\</path>
         <kind>archive</kind>
         <file>rts55x.lib</file>
         <name>divul.obj</name>
      </input_file>
      <input_file id="fl-40">
         <path>C:\ti\ccsv6\tools\compiler\c5500_4.4.1\lib\</path>
         <kind>archive</kind>
         <file>rts55x.lib</file>
         <name>fputc.obj</name>
      </input_file>
      <input_file id="fl-41">
         <path>C:\ti\ccsv6\tools\compiler\c5500_4.4.1\lib\</path>
         <kind>archive</kind>
         <file>rts55x.lib</file>
         <name>fputs.obj</name>
      </input_file>
      <input_file id="fl-42">
         <path>C:\ti\ccsv6\tools\compiler\c5500_4.4.1\lib\</path>
         <kind>archive</kind>
         <file>rts55x.lib</file>
         <name>frcmpyd.obj</name>
      </input_file>
      <input_file id="fl-43">
         <path>C:\ti\ccsv6\tools\compiler\c5500_4.4.1\lib\</path>
         <kind>archive</kind>
         <file>rts55x.lib</file>
         <name>fseek.obj</name>
      </input_file>
      <input_file id="fl-44">
         <path>C:\ti\ccsv6\tools\compiler\c5500_4.4.1\lib\</path>
         <kind>archive</kind>
         <file>rts55x.lib</file>
         <name>isinf.obj</name>
      </input_file>
      <input_file id="fl-45">
         <path>C:\ti\ccsv6\tools\compiler\c5500_4.4.1\lib\</path>
         <kind>archive</kind>
         <file>rts55x.lib</file>
         <name>llmpy.obj</name>
      </input_file>
      <input_file id="fl-46">
         <path>C:\ti\ccsv6\tools\compiler\c5500_4.4.1\lib\</path>
         <kind>archive</kind>
         <file>rts55x.lib</file>
         <name>ltoa.obj</name>
      </input_file>
      <input_file id="fl-47">
         <path>C:\ti\ccsv6\tools\compiler\c5500_4.4.1\lib\</path>
         <kind>archive</kind>
         <file>rts55x.lib</file>
         <name>memccpy.obj</name>
      </input_file>
      <input_file id="fl-48">
         <path>C:\ti\ccsv6\tools\compiler\c5500_4.4.1\lib\</path>
         <kind>archive</kind>
         <file>rts55x.lib</file>
         <name>modf.obj</name>
      </input_file>
      <input_file id="fl-49">
         <path>C:\ti\ccsv6\tools\compiler\c5500_4.4.1\lib\</path>
         <kind>archive</kind>
         <file>rts55x.lib</file>
         <name>negd.obj</name>
      </input_file>
      <input_file id="fl-4a">
         <path>C:\ti\ccsv6\tools\compiler\c5500_4.4.1\lib\</path>
         <kind>archive</kind>
         <file>rts55x.lib</file>
         <name>remli.obj</name>
      </input_file>
      <input_file id="fl-4b">
         <path>C:\ti\ccsv6\tools\compiler\c5500_4.4.1\lib\</path>
         <kind>archive</kind>
         <file>rts55x.lib</file>
         <name>remul.obj</name>
      </input_file>
      <input_file id="fl-4c">
         <path>C:\ti\ccsv6\tools\compiler\c5500_4.4.1\lib\</path>
         <kind>archive</kind>
         <file>rts55x.lib</file>
         <name>setvbuf.obj</name>
      </input_file>
      <input_file id="fl-4d">
         <path>C:\ti\ccsv6\tools\compiler\c5500_4.4.1\lib\</path>
         <kind>archive</kind>
         <file>rts55x.lib</file>
         <name>divli.obj</name>
      </input_file>
   </input_file_list>
   <object_component_list>
      <object_component id="oc-e7">
         <name>.text</name>
         <load_address>0x20000</load_address>
         <run_address>0x20000</run_address>
         <size>0x15a4</size>
         <input_file_ref idref="fl-38"/>
      </object_component>
      <object_component id="oc-26">
         <name>.text</name>
         <load_address>0x215a4</load_address>
         <run_address>0x215a4</run_address>
         <size>0x623</size>
         <input_file_ref idref="fl-5"/>
      </object_component>
      <object_component id="oc-94">
         <name>.text</name>
         <load_address>0x21bc7</load_address>
         <run_address>0x21bc7</run_address>
         <size>0x543</size>
         <input_file_ref idref="fl-27"/>
      </object_component>
      <object_component id="oc-c1">
         <name>.text</name>
         <load_address>0x2210a</load_address>
         <run_address>0x2210a</run_address>
         <size>0x528</size>
         <input_file_ref idref="fl-30"/>
      </object_component>
      <object_component id="oc-9e">
         <name>.text</name>
         <load_address>0x22632</load_address>
         <run_address>0x22632</run_address>
         <size>0x4b5</size>
         <input_file_ref idref="fl-29"/>
      </object_component>
      <object_component id="oc-5a">
         <name>.text</name>
         <load_address>0x22ae7</load_address>
         <run_address>0x22ae7</run_address>
         <size>0x3cc</size>
         <input_file_ref idref="fl-1a"/>
      </object_component>
      <object_component id="oc-16">
         <name>.text</name>
         <load_address>0x22eb3</load_address>
         <run_address>0x22eb3</run_address>
         <size>0x3ba</size>
         <input_file_ref idref="fl-3"/>
      </object_component>
      <object_component id="oc-2d">
         <name>.text</name>
         <load_address>0x2326d</load_address>
         <run_address>0x2326d</run_address>
         <size>0x3ae</size>
         <input_file_ref idref="fl-6"/>
      </object_component>
      <object_component id="oc-7e">
         <name>.text</name>
         <load_address>0x2361b</load_address>
         <run_address>0x2361b</run_address>
         <size>0x27f</size>
         <input_file_ref idref="fl-22"/>
      </object_component>
      <object_component id="oc-11c">
         <name>.text</name>
         <load_address>0x2389a</load_address>
         <run_address>0x2389a</run_address>
         <size>0x25e</size>
         <input_file_ref idref="fl-45"/>
      </object_component>
      <object_component id="oc-52">
         <name>.text</name>
         <load_address>0x23af8</load_address>
         <run_address>0x23af8</run_address>
         <size>0x25a</size>
         <input_file_ref idref="fl-18"/>
      </object_component>
      <object_component id="oc-b6">
         <name>.text</name>
         <load_address>0x23d52</load_address>
         <run_address>0x23d52</run_address>
         <size>0x1f2</size>
         <input_file_ref idref="fl-2e"/>
      </object_component>
      <object_component id="oc-8c">
         <name>.text</name>
         <load_address>0x23f44</load_address>
         <run_address>0x23f44</run_address>
         <size>0x1ee</size>
         <input_file_ref idref="fl-25"/>
      </object_component>
      <object_component id="oc-f9">
         <name>.text</name>
         <load_address>0x24132</load_address>
         <run_address>0x24132</run_address>
         <size>0x1ea</size>
         <input_file_ref idref="fl-3c"/>
      </object_component>
      <object_component id="oc-34">
         <name>.text</name>
         <load_address>0x2431c</load_address>
         <run_address>0x2431c</run_address>
         <size>0x191</size>
         <input_file_ref idref="fl-7"/>
      </object_component>
      <object_component id="oc-10b">
         <name>.text</name>
         <load_address>0x244ad</load_address>
         <run_address>0x244ad</run_address>
         <size>0x163</size>
         <input_file_ref idref="fl-41"/>
      </object_component>
      <object_component id="oc-a5">
         <name>.text</name>
         <load_address>0x24610</load_address>
         <run_address>0x24610</run_address>
         <size>0x14c</size>
         <input_file_ref idref="fl-2a"/>
      </object_component>
      <object_component id="oc-44">
         <name>.text</name>
         <load_address>0x2475c</load_address>
         <run_address>0x2475c</run_address>
         <size>0x143</size>
         <input_file_ref idref="fl-14"/>
      </object_component>
      <object_component id="oc-88">
         <name>.text</name>
         <load_address>0x2489f</load_address>
         <run_address>0x2489f</run_address>
         <size>0x10f</size>
         <input_file_ref idref="fl-24"/>
      </object_component>
      <object_component id="oc-1e">
         <name>.text</name>
         <load_address>0x249ae</load_address>
         <run_address>0x249ae</run_address>
         <size>0xf6</size>
         <input_file_ref idref="fl-4"/>
      </object_component>
      <object_component id="oc-139">
         <name>.text</name>
         <load_address>0x24aa4</load_address>
         <run_address>0x24aa4</run_address>
         <size>0xe6</size>
         <input_file_ref idref="fl-4c"/>
      </object_component>
      <object_component id="oc-dd">
         <name>.text</name>
         <load_address>0x24b8a</load_address>
         <run_address>0x24b8a</run_address>
         <size>0xdd</size>
         <input_file_ref idref="fl-36"/>
      </object_component>
      <object_component id="oc-40">
         <name>.text</name>
         <load_address>0x24c67</load_address>
         <run_address>0x24c67</run_address>
         <size>0xd6</size>
         <input_file_ref idref="fl-13"/>
      </object_component>
      <object_component id="oc-69">
         <name>.text</name>
         <load_address>0x24d3d</load_address>
         <run_address>0x24d3d</run_address>
         <size>0xc2</size>
         <input_file_ref idref="fl-1d"/>
      </object_component>
      <object_component id="oc-128">
         <name>.text</name>
         <load_address>0x24dff</load_address>
         <run_address>0x24dff</run_address>
         <size>0xbf</size>
         <input_file_ref idref="fl-48"/>
      </object_component>
      <object_component id="oc-c9">
         <name>.text:CIO_breakpoint</name>
         <load_address>0x24ebe</load_address>
         <run_address>0x24ebe</run_address>
         <size>0xba</size>
         <input_file_ref idref="fl-31"/>
      </object_component>
      <object_component id="oc-d9">
         <name>.text</name>
         <load_address>0x24f78</load_address>
         <run_address>0x24f78</run_address>
         <size>0xae</size>
         <input_file_ref idref="fl-35"/>
      </object_component>
      <object_component id="oc-107">
         <name>.text</name>
         <load_address>0x25026</load_address>
         <run_address>0x25026</run_address>
         <size>0xa6</size>
         <input_file_ref idref="fl-40"/>
      </object_component>
      <object_component id="oc-103">
         <name>.text</name>
         <load_address>0x250cc</load_address>
         <run_address>0x250cc</run_address>
         <size>0xa1</size>
         <input_file_ref idref="fl-3f"/>
      </object_component>
      <object_component id="oc-49">
         <name>.text</name>
         <load_address>0x2516d</load_address>
         <run_address>0x2516d</run_address>
         <size>0x91</size>
         <input_file_ref idref="fl-16"/>
      </object_component>
      <object_component id="oc-120">
         <name>.text</name>
         <load_address>0x251fe</load_address>
         <run_address>0x251fe</run_address>
         <size>0x7d</size>
         <input_file_ref idref="fl-46"/>
      </object_component>
      <object_component id="oc-65">
         <name>.text</name>
         <load_address>0x2527b</load_address>
         <run_address>0x2527b</run_address>
         <size>0x7b</size>
         <input_file_ref idref="fl-1c"/>
      </object_component>
      <object_component id="oc-110">
         <name>.text</name>
         <load_address>0x252f6</load_address>
         <run_address>0x252f6</run_address>
         <size>0x76</size>
         <input_file_ref idref="fl-42"/>
      </object_component>
      <object_component id="oc-84">
         <name>.text</name>
         <load_address>0x2536c</load_address>
         <run_address>0x2536c</run_address>
         <size>0x73</size>
         <input_file_ref idref="fl-23"/>
      </object_component>
      <object_component id="oc-135">
         <name>.text</name>
         <load_address>0x253df</load_address>
         <run_address>0x253df</run_address>
         <size>0x72</size>
         <input_file_ref idref="fl-4b"/>
      </object_component>
      <object_component id="oc-71">
         <name>.text</name>
         <load_address>0x25451</load_address>
         <run_address>0x25451</run_address>
         <size>0x6f</size>
         <input_file_ref idref="fl-1f"/>
      </object_component>
      <object_component id="oc-c6">
         <name>.text</name>
         <load_address>0x254c0</load_address>
         <run_address>0x254c0</run_address>
         <size>0x6d</size>
         <input_file_ref idref="fl-31"/>
      </object_component>
      <object_component id="oc-114">
         <name>.text</name>
         <load_address>0x2552d</load_address>
         <run_address>0x2552d</run_address>
         <size>0x6b</size>
         <input_file_ref idref="fl-43"/>
      </object_component>
      <object_component id="oc-79">
         <name>.text</name>
         <load_address>0x25598</load_address>
         <run_address>0x25598</run_address>
         <size>0x67</size>
         <input_file_ref idref="fl-21"/>
      </object_component>
      <object_component id="oc-3b">
         <name>.text</name>
         <load_address>0x255ff</load_address>
         <run_address>0x255ff</run_address>
         <size>0x66</size>
         <input_file_ref idref="fl-8"/>
      </object_component>
      <object_component id="oc-b1">
         <name>.text</name>
         <load_address>0x25665</load_address>
         <run_address>0x25665</run_address>
         <size>0x5f</size>
         <input_file_ref idref="fl-2d"/>
      </object_component>
      <object_component id="oc-f1">
         <name>.text</name>
         <load_address>0x256c4</load_address>
         <run_address>0x256c4</run_address>
         <size>0x5c</size>
         <input_file_ref idref="fl-3a"/>
      </object_component>
      <object_component id="oc-4d">
         <name>.text</name>
         <load_address>0x25720</load_address>
         <run_address>0x25720</run_address>
         <size>0x54</size>
         <input_file_ref idref="fl-17"/>
      </object_component>
      <object_component id="oc-a9">
         <name>.text</name>
         <load_address>0x25774</load_address>
         <run_address>0x25774</run_address>
         <size>0x50</size>
         <input_file_ref idref="fl-2b"/>
      </object_component>
      <object_component id="oc-f5">
         <name>.text</name>
         <load_address>0x257c4</load_address>
         <run_address>0x257c4</run_address>
         <size>0x4d</size>
         <input_file_ref idref="fl-3b"/>
      </object_component>
      <object_component id="oc-ed">
         <name>.text</name>
         <load_address>0x25811</load_address>
         <run_address>0x25811</run_address>
         <size>0x4b</size>
         <input_file_ref idref="fl-39"/>
      </object_component>
      <object_component id="oc-131">
         <name>.text</name>
         <load_address>0x2585c</load_address>
         <run_address>0x2585c</run_address>
         <size>0x4b</size>
         <input_file_ref idref="fl-4a"/>
      </object_component>
      <object_component id="oc-13d">
         <name>.text</name>
         <load_address>0x258a7</load_address>
         <run_address>0x258a7</run_address>
         <size>0x48</size>
         <input_file_ref idref="fl-4d"/>
      </object_component>
      <object_component id="oc-cc">
         <name>.text</name>
         <load_address>0x258ef</load_address>
         <run_address>0x258ef</run_address>
         <size>0x41</size>
         <input_file_ref idref="fl-32"/>
      </object_component>
      <object_component id="oc-9a">
         <name>.text</name>
         <load_address>0x25930</load_address>
         <run_address>0x25930</run_address>
         <size>0x3f</size>
         <input_file_ref idref="fl-28"/>
      </object_component>
      <object_component id="oc-5e">
         <name>.text</name>
         <load_address>0x2596f</load_address>
         <run_address>0x2596f</run_address>
         <size>0x3e</size>
         <input_file_ref idref="fl-1b"/>
      </object_component>
      <object_component id="oc-12">
         <name>.text</name>
         <load_address>0x259ad</load_address>
         <run_address>0x259ad</run_address>
         <size>0x34</size>
         <input_file_ref idref="fl-19"/>
      </object_component>
      <object_component id="oc-6d">
         <name>.text</name>
         <load_address>0x259e1</load_address>
         <run_address>0x259e1</run_address>
         <size>0x2a</size>
         <input_file_ref idref="fl-1e"/>
      </object_component>
      <object_component id="oc-d1">
         <name>.text</name>
         <load_address>0x25a0b</load_address>
         <run_address>0x25a0b</run_address>
         <size>0x2a</size>
         <input_file_ref idref="fl-33"/>
      </object_component>
      <object_component id="oc-124">
         <name>.text</name>
         <load_address>0x25a35</load_address>
         <run_address>0x25a35</run_address>
         <size>0x23</size>
         <input_file_ref idref="fl-47"/>
      </object_component>
      <object_component id="oc-118">
         <name>.text</name>
         <load_address>0x25a58</load_address>
         <run_address>0x25a58</run_address>
         <size>0x1a</size>
         <input_file_ref idref="fl-44"/>
      </object_component>
      <object_component id="oc-bd">
         <name>.text</name>
         <load_address>0x25a72</load_address>
         <run_address>0x25a72</run_address>
         <size>0x14</size>
         <input_file_ref idref="fl-2f"/>
      </object_component>
      <object_component id="oc-90">
         <name>.text</name>
         <load_address>0x25a86</load_address>
         <run_address>0x25a86</run_address>
         <size>0x13</size>
         <input_file_ref idref="fl-26"/>
      </object_component>
      <object_component id="oc-e1">
         <name>.text</name>
         <load_address>0x25a99</load_address>
         <run_address>0x25a99</run_address>
         <size>0x12</size>
         <input_file_ref idref="fl-37"/>
      </object_component>
      <object_component id="oc-12d">
         <name>.text</name>
         <load_address>0x25aab</load_address>
         <run_address>0x25aab</run_address>
         <size>0x10</size>
         <input_file_ref idref="fl-49"/>
      </object_component>
      <object_component id="oc-75">
         <name>.text</name>
         <load_address>0x25abb</load_address>
         <run_address>0x25abb</run_address>
         <size>0xc</size>
         <input_file_ref idref="fl-20"/>
      </object_component>
      <object_component id="oc-ad">
         <name>.text</name>
         <load_address>0x25ac7</load_address>
         <run_address>0x25ac7</run_address>
         <size>0xa</size>
         <input_file_ref idref="fl-2c"/>
      </object_component>
      <object_component id="oc-62">
         <name>.text:CIO_breakpoint</name>
         <load_address>0x25ad1</load_address>
         <run_address>0x25ad1</run_address>
         <size>0x7</size>
         <input_file_ref idref="fl-1b"/>
      </object_component>
      <object_component id="oc-d5">
         <name>.text</name>
         <load_address>0x25ad8</load_address>
         <run_address>0x25ad8</run_address>
         <size>0x2</size>
         <input_file_ref idref="fl-34"/>
      </object_component>
      <object_component id="oc-56">
         <name>.stack</name>
         <uninitialized>true</uninitialized>
         <run_address>0xc0</run_address>
         <size>0x0</size>
         <input_file_ref idref="fl-19"/>
      </object_component>
      <object_component id="oc-15e">
         <name>.stack</name>
         <uninitialized>true</uninitialized>
         <run_address>0xc0</run_address>
         <size>0x0</size>
      </object_component>
      <object_component id="oc-141">
         <name>.sysstack</name>
         <uninitialized>true</uninitialized>
         <run_address>0x20c0</run_address>
         <size>0x0</size>
         <input_file_ref idref="fl-19"/>
      </object_component>
      <object_component id="oc-160">
         <name>.sysstack</name>
         <uninitialized>true</uninitialized>
         <run_address>0x20c0</run_address>
         <size>0x0</size>
      </object_component>
      <object_component id="oc-27">
         <name>.bss</name>
         <uninitialized>true</uninitialized>
         <run_address>0x30c0</run_address>
         <size>0x1000</size>
         <input_file_ref idref="fl-5"/>
      </object_component>
      <object_component id="oc-35">
         <name>.bss</name>
         <uninitialized>true</uninitialized>
         <run_address>0x40c0</run_address>
         <size>0x858</size>
         <input_file_ref idref="fl-7"/>
      </object_component>
      <object_component id="oc-2e">
         <name>.bss</name>
         <uninitialized>true</uninitialized>
         <run_address>0x4918</run_address>
         <size>0x800</size>
         <input_file_ref idref="fl-6"/>
      </object_component>
      <object_component id="oc-ff">
         <name>.bss</name>
         <uninitialized>true</uninitialized>
         <run_address>0x5118</run_address>
         <size>0x232</size>
         <input_file_ref idref="fl-3e"/>
      </object_component>
      <object_component id="oc-c2">
         <name>.bss</name>
         <uninitialized>true</uninitialized>
         <run_address>0x534a</run_address>
         <size>0x1a0</size>
         <input_file_ref idref="fl-30"/>
      </object_component>
      <object_component id="oc-7f">
         <name>.bss</name>
         <uninitialized>true</uninitialized>
         <run_address>0x54ea</run_address>
         <size>0x2</size>
         <input_file_ref idref="fl-22"/>
      </object_component>
      <object_component id="oc-95">
         <name>.bss</name>
         <uninitialized>true</uninitialized>
         <run_address>0x54ec</run_address>
         <size>0xe2</size>
         <input_file_ref idref="fl-27"/>
      </object_component>
      <object_component id="oc-b7">
         <name>.bss</name>
         <uninitialized>true</uninitialized>
         <run_address>0x55d0</run_address>
         <size>0x10</size>
         <input_file_ref idref="fl-2e"/>
      </object_component>
      <object_component id="oc-9f">
         <name>.bss</name>
         <uninitialized>true</uninitialized>
         <run_address>0x55e0</run_address>
         <size>0xc</size>
         <input_file_ref idref="fl-29"/>
      </object_component>
      <object_component id="oc-17">
         <name>.bss</name>
         <uninitialized>true</uninitialized>
         <run_address>0x55ec</run_address>
         <size>0xa</size>
         <input_file_ref idref="fl-3"/>
      </object_component>
      <object_component id="oc-1f">
         <name>.bss</name>
         <uninitialized>true</uninitialized>
         <run_address>0x55f8</run_address>
         <size>0x8</size>
         <input_file_ref idref="fl-4"/>
      </object_component>
      <object_component id="oc-e2">
         <name>.bss</name>
         <uninitialized>true</uninitialized>
         <run_address>0x5600</run_address>
         <size>0x8</size>
         <input_file_ref idref="fl-37"/>
      </object_component>
      <object_component id="oc-5f">
         <name>.bss</name>
         <uninitialized>true</uninitialized>
         <run_address>0x5608</run_address>
         <size>0x8</size>
         <input_file_ref idref="fl-1b"/>
      </object_component>
      <object_component id="oc-144">
         <name>.const:__ctypes_</name>
         <load_address>0x7610</load_address>
         <run_address>0x7610</run_address>
         <size>0x202</size>
         <input_file_ref idref="fl-3d"/>
      </object_component>
      <object_component id="oc-22">
         <name>.const:.string</name>
         <load_address>0x7814</load_address>
         <run_address>0x7814</run_address>
         <size>0xee</size>
         <input_file_ref idref="fl-4"/>
      </object_component>
      <object_component id="oc-37">
         <name>.const:.string</name>
         <load_address>0x7904</load_address>
         <run_address>0x7904</run_address>
         <size>0xe6</size>
         <input_file_ref idref="fl-7"/>
      </object_component>
      <object_component id="oc-1a">
         <name>.const:.string</name>
         <load_address>0x79ec</load_address>
         <run_address>0x79ec</run_address>
         <size>0x74</size>
         <input_file_ref idref="fl-3"/>
      </object_component>
      <object_component id="oc-30">
         <name>.const:.string</name>
         <load_address>0x7a60</load_address>
         <run_address>0x7a60</run_address>
         <size>0x72</size>
         <input_file_ref idref="fl-6"/>
      </object_component>
      <object_component id="oc-ea">
         <name>.const:.string</name>
         <load_address>0x7ad4</load_address>
         <run_address>0x7ad4</run_address>
         <size>0x48</size>
         <input_file_ref idref="fl-38"/>
      </object_component>
      <object_component id="oc-142">
         <name>.const:_defaultWavHeader</name>
         <load_address>0x7b1c</load_address>
         <run_address>0x7b1c</run_address>
         <size>0x40</size>
         <input_file_ref idref="fl-2"/>
      </object_component>
      <object_component id="oc-ba">
         <name>.const</name>
         <load_address>0x7b5c</load_address>
         <run_address>0x7b5c</run_address>
         <size>0x28</size>
         <input_file_ref idref="fl-2e"/>
      </object_component>
      <object_component id="oc-29">
         <name>.const</name>
         <load_address>0x7b84</load_address>
         <run_address>0x7b84</run_address>
         <size>0x1c</size>
         <input_file_ref idref="fl-5"/>
      </object_component>
      <object_component id="oc-e9">
         <name>.const</name>
         <load_address>0x7ba0</load_address>
         <run_address>0x7ba0</run_address>
         <size>0x18</size>
         <input_file_ref idref="fl-38"/>
      </object_component>
      <object_component id="oc-143">
         <name>.const:_initial_approx$1</name>
         <load_address>0x7bb8</load_address>
         <run_address>0x7bb8</run_address>
         <size>0x10</size>
         <input_file_ref idref="fl-1a"/>
      </object_component>
      <object_component id="oc-b3">
         <name>.const</name>
         <load_address>0x7bc8</load_address>
         <run_address>0x7bc8</run_address>
         <size>0x10</size>
         <input_file_ref idref="fl-2d"/>
      </object_component>
      <object_component id="oc-12a">
         <name>.const</name>
         <load_address>0x7bd8</load_address>
         <run_address>0x7bd8</run_address>
         <size>0xc</size>
         <input_file_ref idref="fl-48"/>
      </object_component>
      <object_component id="oc-ce">
         <name>.const</name>
         <load_address>0x7be4</load_address>
         <run_address>0x7be4</run_address>
         <size>0x8</size>
         <input_file_ref idref="fl-32"/>
      </object_component>
      <object_component id="oc-10d">
         <name>.const:.string</name>
         <load_address>0x7bec</load_address>
         <run_address>0x7bec</run_address>
         <size>0x4</size>
         <input_file_ref idref="fl-41"/>
      </object_component>
      <object_component id="oc-7b">
         <name>.const</name>
         <load_address>0x7bf0</load_address>
         <run_address>0x7bf0</run_address>
         <size>0x4</size>
         <input_file_ref idref="fl-21"/>
      </object_component>
      <object_component id="oc-a2">
         <name>.sysmem</name>
         <uninitialized>true</uninitialized>
         <run_address>0x5610</run_address>
         <size>0x0</size>
         <input_file_ref idref="fl-29"/>
      </object_component>
      <object_component id="oc-15f">
         <name>.sysmem</name>
         <uninitialized>true</uninitialized>
         <run_address>0x5610</run_address>
         <size>0x0</size>
      </object_component>
      <object_component id="oc-97">
         <name>.cinit</name>
         <load_address>0x40240</load_address>
         <run_address>0x40240</run_address>
         <size>0x5a</size>
         <input_file_ref idref="fl-27"/>
      </object_component>
      <object_component id="oc-101">
         <name>.cinit</name>
         <load_address>0x4029a</load_address>
         <run_address>0x4029a</run_address>
         <size>0x54</size>
         <input_file_ref idref="fl-3e"/>
      </object_component>
      <object_component id="oc-b9">
         <name>.cinit</name>
         <load_address>0x402ee</load_address>
         <run_address>0x402ee</run_address>
         <size>0x16</size>
         <input_file_ref idref="fl-2e"/>
      </object_component>
      <object_component id="oc-21">
         <name>.cinit</name>
         <load_address>0x40304</load_address>
         <run_address>0x40304</run_address>
         <size>0x14</size>
         <input_file_ref idref="fl-4"/>
      </object_component>
      <object_component id="oc-e4">
         <name>.cinit</name>
         <load_address>0x40318</load_address>
         <run_address>0x40318</run_address>
         <size>0x14</size>
         <input_file_ref idref="fl-37"/>
      </object_component>
      <object_component id="oc-61">
         <name>.cinit</name>
         <load_address>0x4032c</load_address>
         <run_address>0x4032c</run_address>
         <size>0x14</size>
         <input_file_ref idref="fl-1b"/>
      </object_component>
      <object_component id="oc-19">
         <name>.cinit</name>
         <load_address>0x40340</load_address>
         <run_address>0x40340</run_address>
         <size>0x8</size>
         <input_file_ref idref="fl-3"/>
      </object_component>
      <object_component id="oc-81">
         <name>.cinit</name>
         <load_address>0x40348</load_address>
         <run_address>0x40348</run_address>
         <size>0x8</size>
         <input_file_ref idref="fl-22"/>
      </object_component>
      <object_component id="oc-a1">
         <name>.cinit</name>
         <load_address>0x40350</load_address>
         <run_address>0x40350</run_address>
         <size>0x8</size>
         <input_file_ref idref="fl-29"/>
      </object_component>
      <object_component id="oc-c8">
         <name>.cio</name>
         <uninitialized>true</uninitialized>
         <run_address>0x40000</run_address>
         <size>0x240</size>
         <input_file_ref idref="fl-31"/>
      </object_component>
      <object_component id="oc-13">
         <name>vectors</name>
         <load_address>0x4fe00</load_address>
         <run_address>0x4fe00</run_address>
         <size>0x100</size>
         <input_file_ref idref="fl-34"/>
      </object_component>
      <object_component id="oc-48">
         <name>.const:twiddle</name>
         <load_address>0x8000</load_address>
         <run_address>0x8000</run_address>
         <size>0x800</size>
         <input_file_ref idref="fl-15"/>
      </object_component>
      <object_component id="oc-14">
         <name>.debug_info</name>
         <load_address>0x0</load_address>
         <run_address>0x0</run_address>
         <size>0x7a0</size>
         <input_file_ref idref="fl-2"/>
      </object_component>
      <object_component id="oc-18">
         <name>.debug_info</name>
         <load_address>0x7a0</load_address>
         <run_address>0x7a0</run_address>
         <size>0x1429</size>
         <input_file_ref idref="fl-3"/>
      </object_component>
      <object_component id="oc-20">
         <name>.debug_info</name>
         <load_address>0x1bc9</load_address>
         <run_address>0x1bc9</run_address>
         <size>0x96a</size>
         <input_file_ref idref="fl-4"/>
      </object_component>
      <object_component id="oc-28">
         <name>.debug_info</name>
         <load_address>0x2533</load_address>
         <run_address>0x2533</run_address>
         <size>0x1038</size>
         <input_file_ref idref="fl-5"/>
      </object_component>
      <object_component id="oc-2f">
         <name>.debug_info</name>
         <load_address>0x356b</load_address>
         <run_address>0x356b</run_address>
         <size>0xf4b</size>
         <input_file_ref idref="fl-6"/>
      </object_component>
      <object_component id="oc-36">
         <name>.debug_info</name>
         <load_address>0x44b6</load_address>
         <run_address>0x44b6</run_address>
         <size>0xfa7</size>
         <input_file_ref idref="fl-7"/>
      </object_component>
      <object_component id="oc-3c">
         <name>.debug_info</name>
         <load_address>0x545d</load_address>
         <run_address>0x545d</run_address>
         <size>0x60b</size>
         <input_file_ref idref="fl-8"/>
      </object_component>
      <object_component id="oc-41">
         <name>.debug_info</name>
         <load_address>0x5a68</load_address>
         <run_address>0x5a68</run_address>
         <size>0xcf</size>
         <input_file_ref idref="fl-13"/>
      </object_component>
      <object_component id="oc-45">
         <name>.debug_info</name>
         <load_address>0x5b37</load_address>
         <run_address>0x5b37</run_address>
         <size>0xe0</size>
         <input_file_ref idref="fl-14"/>
      </object_component>
      <object_component id="oc-4a">
         <name>.debug_info</name>
         <load_address>0x5c17</load_address>
         <run_address>0x5c17</run_address>
         <size>0xd3</size>
         <input_file_ref idref="fl-16"/>
      </object_component>
      <object_component id="oc-4e">
         <name>.debug_info</name>
         <load_address>0x5cea</load_address>
         <run_address>0x5cea</run_address>
         <size>0x5896</size>
         <input_file_ref idref="fl-17"/>
      </object_component>
      <object_component id="oc-53">
         <name>.debug_info</name>
         <load_address>0xb580</load_address>
         <run_address>0xb580</run_address>
         <size>0x5ab</size>
         <input_file_ref idref="fl-18"/>
      </object_component>
      <object_component id="oc-57">
         <name>.debug_info</name>
         <load_address>0xbb2b</load_address>
         <run_address>0xbb2b</run_address>
         <size>0xe8</size>
         <input_file_ref idref="fl-19"/>
      </object_component>
      <object_component id="oc-5b">
         <name>.debug_info</name>
         <load_address>0xbc13</load_address>
         <run_address>0xbc13</run_address>
         <size>0x7e8</size>
         <input_file_ref idref="fl-1a"/>
      </object_component>
      <object_component id="oc-60">
         <name>.debug_info</name>
         <load_address>0xc3fb</load_address>
         <run_address>0xc3fb</run_address>
         <size>0x5fb</size>
         <input_file_ref idref="fl-1b"/>
      </object_component>
      <object_component id="oc-66">
         <name>.debug_info</name>
         <load_address>0xc9f6</load_address>
         <run_address>0xc9f6</run_address>
         <size>0x64f</size>
         <input_file_ref idref="fl-1c"/>
      </object_component>
      <object_component id="oc-6a">
         <name>.debug_info</name>
         <load_address>0xd045</load_address>
         <run_address>0xd045</run_address>
         <size>0x706</size>
         <input_file_ref idref="fl-1d"/>
      </object_component>
      <object_component id="oc-6e">
         <name>.debug_info</name>
         <load_address>0xd74b</load_address>
         <run_address>0xd74b</run_address>
         <size>0x4cf</size>
         <input_file_ref idref="fl-1e"/>
      </object_component>
      <object_component id="oc-72">
         <name>.debug_info</name>
         <load_address>0xdc1a</load_address>
         <run_address>0xdc1a</run_address>
         <size>0x534</size>
         <input_file_ref idref="fl-1f"/>
      </object_component>
      <object_component id="oc-76">
         <name>.debug_info</name>
         <load_address>0xe14e</load_address>
         <run_address>0xe14e</run_address>
         <size>0x4cf</size>
         <input_file_ref idref="fl-20"/>
      </object_component>
      <object_component id="oc-7a">
         <name>.debug_info</name>
         <load_address>0xe61d</load_address>
         <run_address>0xe61d</run_address>
         <size>0x549</size>
         <input_file_ref idref="fl-21"/>
      </object_component>
      <object_component id="oc-80">
         <name>.debug_info</name>
         <load_address>0xeb66</load_address>
         <run_address>0xeb66</run_address>
         <size>0xa1c</size>
         <input_file_ref idref="fl-22"/>
      </object_component>
      <object_component id="oc-85">
         <name>.debug_info</name>
         <load_address>0xf582</load_address>
         <run_address>0xf582</run_address>
         <size>0x53e</size>
         <input_file_ref idref="fl-23"/>
      </object_component>
      <object_component id="oc-89">
         <name>.debug_info</name>
         <load_address>0xfac0</load_address>
         <run_address>0xfac0</run_address>
         <size>0x762</size>
         <input_file_ref idref="fl-24"/>
      </object_component>
      <object_component id="oc-8d">
         <name>.debug_info</name>
         <load_address>0x10222</load_address>
         <run_address>0x10222</run_address>
         <size>0x8f7</size>
         <input_file_ref idref="fl-25"/>
      </object_component>
      <object_component id="oc-91">
         <name>.debug_info</name>
         <load_address>0x10b19</load_address>
         <run_address>0x10b19</run_address>
         <size>0xbd</size>
         <input_file_ref idref="fl-26"/>
      </object_component>
      <object_component id="oc-96">
         <name>.debug_info</name>
         <load_address>0x10bd6</load_address>
         <run_address>0x10bd6</run_address>
         <size>0x144b</size>
         <input_file_ref idref="fl-27"/>
      </object_component>
      <object_component id="oc-9b">
         <name>.debug_info</name>
         <load_address>0x12021</load_address>
         <run_address>0x12021</run_address>
         <size>0xd1</size>
         <input_file_ref idref="fl-28"/>
      </object_component>
      <object_component id="oc-a0">
         <name>.debug_info</name>
         <load_address>0x120f2</load_address>
         <run_address>0x120f2</run_address>
         <size>0xb97</size>
         <input_file_ref idref="fl-29"/>
      </object_component>
      <object_component id="oc-a6">
         <name>.debug_info</name>
         <load_address>0x12c89</load_address>
         <run_address>0x12c89</run_address>
         <size>0x55b</size>
         <input_file_ref idref="fl-2a"/>
      </object_component>
      <object_component id="oc-aa">
         <name>.debug_info</name>
         <load_address>0x131e4</load_address>
         <run_address>0x131e4</run_address>
         <size>0x76c</size>
         <input_file_ref idref="fl-2b"/>
      </object_component>
      <object_component id="oc-ae">
         <name>.debug_info</name>
         <load_address>0x13950</load_address>
         <run_address>0x13950</run_address>
         <size>0x510</size>
         <input_file_ref idref="fl-2c"/>
      </object_component>
      <object_component id="oc-b2">
         <name>.debug_info</name>
         <load_address>0x13e60</load_address>
         <run_address>0x13e60</run_address>
         <size>0x52e</size>
         <input_file_ref idref="fl-2d"/>
      </object_component>
      <object_component id="oc-b8">
         <name>.debug_info</name>
         <load_address>0x1438e</load_address>
         <run_address>0x1438e</run_address>
         <size>0x6ef</size>
         <input_file_ref idref="fl-2e"/>
      </object_component>
      <object_component id="oc-be">
         <name>.debug_info</name>
         <load_address>0x14a7d</load_address>
         <run_address>0x14a7d</run_address>
         <size>0x4de</size>
         <input_file_ref idref="fl-2f"/>
      </object_component>
      <object_component id="oc-c3">
         <name>.debug_info</name>
         <load_address>0x14f5b</load_address>
         <run_address>0x14f5b</run_address>
         <size>0xed4</size>
         <input_file_ref idref="fl-30"/>
      </object_component>
      <object_component id="oc-c7">
         <name>.debug_info</name>
         <load_address>0x15e2f</load_address>
         <run_address>0x15e2f</run_address>
         <size>0x744</size>
         <input_file_ref idref="fl-31"/>
      </object_component>
      <object_component id="oc-cd">
         <name>.debug_info</name>
         <load_address>0x16573</load_address>
         <run_address>0x16573</run_address>
         <size>0x521</size>
         <input_file_ref idref="fl-32"/>
      </object_component>
      <object_component id="oc-d2">
         <name>.debug_info</name>
         <load_address>0x16a94</load_address>
         <run_address>0x16a94</run_address>
         <size>0xef</size>
         <input_file_ref idref="fl-33"/>
      </object_component>
      <object_component id="oc-d6">
         <name>.debug_info</name>
         <load_address>0x16b83</load_address>
         <run_address>0x16b83</run_address>
         <size>0xbc</size>
         <input_file_ref idref="fl-34"/>
      </object_component>
      <object_component id="oc-da">
         <name>.debug_info</name>
         <load_address>0x16c3f</load_address>
         <run_address>0x16c3f</run_address>
         <size>0x6b8</size>
         <input_file_ref idref="fl-35"/>
      </object_component>
      <object_component id="oc-de">
         <name>.debug_info</name>
         <load_address>0x172f7</load_address>
         <run_address>0x172f7</run_address>
         <size>0x662</size>
         <input_file_ref idref="fl-36"/>
      </object_component>
      <object_component id="oc-e3">
         <name>.debug_info</name>
         <load_address>0x17959</load_address>
         <run_address>0x17959</run_address>
         <size>0x5bc</size>
         <input_file_ref idref="fl-37"/>
      </object_component>
      <object_component id="oc-e8">
         <name>.debug_info</name>
         <load_address>0x17f15</load_address>
         <run_address>0x17f15</run_address>
         <size>0x27bd</size>
         <input_file_ref idref="fl-38"/>
      </object_component>
      <object_component id="oc-ee">
         <name>.debug_info</name>
         <load_address>0x1a6d2</load_address>
         <run_address>0x1a6d2</run_address>
         <size>0x586</size>
         <input_file_ref idref="fl-39"/>
      </object_component>
      <object_component id="oc-f2">
         <name>.debug_info</name>
         <load_address>0x1ac58</load_address>
         <run_address>0x1ac58</run_address>
         <size>0x5a4</size>
         <input_file_ref idref="fl-3a"/>
      </object_component>
      <object_component id="oc-f6">
         <name>.debug_info</name>
         <load_address>0x1b1fc</load_address>
         <run_address>0x1b1fc</run_address>
         <size>0xcd</size>
         <input_file_ref idref="fl-3b"/>
      </object_component>
      <object_component id="oc-fa">
         <name>.debug_info</name>
         <load_address>0x1b2c9</load_address>
         <run_address>0x1b2c9</run_address>
         <size>0x81f</size>
         <input_file_ref idref="fl-3c"/>
      </object_component>
      <object_component id="oc-fd">
         <name>.debug_info</name>
         <load_address>0x1bae8</load_address>
         <run_address>0x1bae8</run_address>
         <size>0x498</size>
         <input_file_ref idref="fl-3d"/>
      </object_component>
      <object_component id="oc-100">
         <name>.debug_info</name>
         <load_address>0x1bf80</load_address>
         <run_address>0x1bf80</run_address>
         <size>0x57e</size>
         <input_file_ref idref="fl-3e"/>
      </object_component>
      <object_component id="oc-104">
         <name>.debug_info</name>
         <load_address>0x1c4fe</load_address>
         <run_address>0x1c4fe</run_address>
         <size>0x534</size>
         <input_file_ref idref="fl-3f"/>
      </object_component>
      <object_component id="oc-108">
         <name>.debug_info</name>
         <load_address>0x1ca32</load_address>
         <run_address>0x1ca32</run_address>
         <size>0x6aa</size>
         <input_file_ref idref="fl-40"/>
      </object_component>
      <object_component id="oc-10c">
         <name>.debug_info</name>
         <load_address>0x1d0dc</load_address>
         <run_address>0x1d0dc</run_address>
         <size>0x942</size>
         <input_file_ref idref="fl-41"/>
      </object_component>
      <object_component id="oc-111">
         <name>.debug_info</name>
         <load_address>0x1da1e</load_address>
         <run_address>0x1da1e</run_address>
         <size>0x4d2</size>
         <input_file_ref idref="fl-42"/>
      </object_component>
      <object_component id="oc-115">
         <name>.debug_info</name>
         <load_address>0x1def0</load_address>
         <run_address>0x1def0</run_address>
         <size>0x5f7</size>
         <input_file_ref idref="fl-43"/>
      </object_component>
      <object_component id="oc-119">
         <name>.debug_info</name>
         <load_address>0x1e4e7</load_address>
         <run_address>0x1e4e7</run_address>
         <size>0x680</size>
         <input_file_ref idref="fl-44"/>
      </object_component>
      <object_component id="oc-11d">
         <name>.debug_info</name>
         <load_address>0x1eb67</load_address>
         <run_address>0x1eb67</run_address>
         <size>0x7d4</size>
         <input_file_ref idref="fl-45"/>
      </object_component>
      <object_component id="oc-121">
         <name>.debug_info</name>
         <load_address>0x1f33b</load_address>
         <run_address>0x1f33b</run_address>
         <size>0x5ad</size>
         <input_file_ref idref="fl-46"/>
      </object_component>
      <object_component id="oc-125">
         <name>.debug_info</name>
         <load_address>0x1f8e8</load_address>
         <run_address>0x1f8e8</run_address>
         <size>0x574</size>
         <input_file_ref idref="fl-47"/>
      </object_component>
      <object_component id="oc-129">
         <name>.debug_info</name>
         <load_address>0x1fe5c</load_address>
         <run_address>0x1fe5c</run_address>
         <size>0x50c</size>
         <input_file_ref idref="fl-48"/>
      </object_component>
      <object_component id="oc-12e">
         <name>.debug_info</name>
         <load_address>0x20368</load_address>
         <run_address>0x20368</run_address>
         <size>0x4b7</size>
         <input_file_ref idref="fl-49"/>
      </object_component>
      <object_component id="oc-132">
         <name>.debug_info</name>
         <load_address>0x2081f</load_address>
         <run_address>0x2081f</run_address>
         <size>0x4f2</size>
         <input_file_ref idref="fl-4a"/>
      </object_component>
      <object_component id="oc-136">
         <name>.debug_info</name>
         <load_address>0x20d11</load_address>
         <run_address>0x20d11</run_address>
         <size>0x534</size>
         <input_file_ref idref="fl-4b"/>
      </object_component>
      <object_component id="oc-13a">
         <name>.debug_info</name>
         <load_address>0x21245</load_address>
         <run_address>0x21245</run_address>
         <size>0x64a</size>
         <input_file_ref idref="fl-4c"/>
      </object_component>
      <object_component id="oc-13e">
         <name>.debug_info</name>
         <load_address>0x2188f</load_address>
         <run_address>0x2188f</run_address>
         <size>0x4f2</size>
         <input_file_ref idref="fl-4d"/>
      </object_component>
      <object_component id="oc-16b">
         <name>.debug_info</name>
         <load_address>0x21d81</load_address>
         <run_address>0x21d81</run_address>
         <size>0x6e</size>
      </object_component>
      <object_component id="oc-15">
         <name>.debug_abbrev</name>
         <load_address>0x0</load_address>
         <run_address>0x0</run_address>
         <size>0x8c</size>
         <input_file_ref idref="fl-2"/>
      </object_component>
      <object_component id="oc-1d">
         <name>.debug_abbrev</name>
         <load_address>0x8c</load_address>
         <run_address>0x8c</run_address>
         <size>0x16d</size>
         <input_file_ref idref="fl-3"/>
      </object_component>
      <object_component id="oc-25">
         <name>.debug_abbrev</name>
         <load_address>0x1f9</load_address>
         <run_address>0x1f9</run_address>
         <size>0x121</size>
         <input_file_ref idref="fl-4"/>
      </object_component>
      <object_component id="oc-2c">
         <name>.debug_abbrev</name>
         <load_address>0x31a</load_address>
         <run_address>0x31a</run_address>
         <size>0x146</size>
         <input_file_ref idref="fl-5"/>
      </object_component>
      <object_component id="oc-33">
         <name>.debug_abbrev</name>
         <load_address>0x460</load_address>
         <run_address>0x460</run_address>
         <size>0x177</size>
         <input_file_ref idref="fl-6"/>
      </object_component>
      <object_component id="oc-3a">
         <name>.debug_abbrev</name>
         <load_address>0x5d7</load_address>
         <run_address>0x5d7</run_address>
         <size>0x16d</size>
         <input_file_ref idref="fl-7"/>
      </object_component>
      <object_component id="oc-3f">
         <name>.debug_abbrev</name>
         <load_address>0x744</load_address>
         <run_address>0x744</run_address>
         <size>0x92</size>
         <input_file_ref idref="fl-8"/>
      </object_component>
      <object_component id="oc-43">
         <name>.debug_abbrev</name>
         <load_address>0x7d6</load_address>
         <run_address>0x7d6</run_address>
         <size>0x2c</size>
         <input_file_ref idref="fl-13"/>
      </object_component>
      <object_component id="oc-47">
         <name>.debug_abbrev</name>
         <load_address>0x802</load_address>
         <run_address>0x802</run_address>
         <size>0x2c</size>
         <input_file_ref idref="fl-14"/>
      </object_component>
      <object_component id="oc-4c">
         <name>.debug_abbrev</name>
         <load_address>0x82e</load_address>
         <run_address>0x82e</run_address>
         <size>0x2c</size>
         <input_file_ref idref="fl-16"/>
      </object_component>
      <object_component id="oc-51">
         <name>.debug_abbrev</name>
         <load_address>0x85a</load_address>
         <run_address>0x85a</run_address>
         <size>0x198</size>
         <input_file_ref idref="fl-17"/>
      </object_component>
      <object_component id="oc-55">
         <name>.debug_abbrev</name>
         <load_address>0x9f2</load_address>
         <run_address>0x9f2</run_address>
         <size>0xd4</size>
         <input_file_ref idref="fl-18"/>
      </object_component>
      <object_component id="oc-59">
         <name>.debug_abbrev</name>
         <load_address>0xac6</load_address>
         <run_address>0xac6</run_address>
         <size>0x3a</size>
         <input_file_ref idref="fl-19"/>
      </object_component>
      <object_component id="oc-5d">
         <name>.debug_abbrev</name>
         <load_address>0xb00</load_address>
         <run_address>0xb00</run_address>
         <size>0x112</size>
         <input_file_ref idref="fl-1a"/>
      </object_component>
      <object_component id="oc-64">
         <name>.debug_abbrev</name>
         <load_address>0xc12</load_address>
         <run_address>0xc12</run_address>
         <size>0xf7</size>
         <input_file_ref idref="fl-1b"/>
      </object_component>
      <object_component id="oc-68">
         <name>.debug_abbrev</name>
         <load_address>0xd09</load_address>
         <run_address>0xd09</run_address>
         <size>0x118</size>
         <input_file_ref idref="fl-1c"/>
      </object_component>
      <object_component id="oc-6c">
         <name>.debug_abbrev</name>
         <load_address>0xe21</load_address>
         <run_address>0xe21</run_address>
         <size>0x136</size>
         <input_file_ref idref="fl-1d"/>
      </object_component>
      <object_component id="oc-70">
         <name>.debug_abbrev</name>
         <load_address>0xf57</load_address>
         <run_address>0xf57</run_address>
         <size>0x8f</size>
         <input_file_ref idref="fl-1e"/>
      </object_component>
      <object_component id="oc-74">
         <name>.debug_abbrev</name>
         <load_address>0xfe6</load_address>
         <run_address>0xfe6</run_address>
         <size>0xb7</size>
         <input_file_ref idref="fl-1f"/>
      </object_component>
      <object_component id="oc-78">
         <name>.debug_abbrev</name>
         <load_address>0x109d</load_address>
         <run_address>0x109d</run_address>
         <size>0x8f</size>
         <input_file_ref idref="fl-20"/>
      </object_component>
      <object_component id="oc-7d">
         <name>.debug_abbrev</name>
         <load_address>0x112c</load_address>
         <run_address>0x112c</run_address>
         <size>0xc2</size>
         <input_file_ref idref="fl-21"/>
      </object_component>
      <object_component id="oc-83">
         <name>.debug_abbrev</name>
         <load_address>0x11ee</load_address>
         <run_address>0x11ee</run_address>
         <size>0x1a2</size>
         <input_file_ref idref="fl-22"/>
      </object_component>
      <object_component id="oc-87">
         <name>.debug_abbrev</name>
         <load_address>0x1390</load_address>
         <run_address>0x1390</run_address>
         <size>0x9a</size>
         <input_file_ref idref="fl-23"/>
      </object_component>
      <object_component id="oc-8b">
         <name>.debug_abbrev</name>
         <load_address>0x142a</load_address>
         <run_address>0x142a</run_address>
         <size>0x111</size>
         <input_file_ref idref="fl-24"/>
      </object_component>
      <object_component id="oc-8f">
         <name>.debug_abbrev</name>
         <load_address>0x153b</load_address>
         <run_address>0x153b</run_address>
         <size>0x11e</size>
         <input_file_ref idref="fl-25"/>
      </object_component>
      <object_component id="oc-93">
         <name>.debug_abbrev</name>
         <load_address>0x1659</load_address>
         <run_address>0x1659</run_address>
         <size>0x38</size>
         <input_file_ref idref="fl-26"/>
      </object_component>
      <object_component id="oc-99">
         <name>.debug_abbrev</name>
         <load_address>0x1691</load_address>
         <run_address>0x1691</run_address>
         <size>0x225</size>
         <input_file_ref idref="fl-27"/>
      </object_component>
      <object_component id="oc-9d">
         <name>.debug_abbrev</name>
         <load_address>0x18b6</load_address>
         <run_address>0x18b6</run_address>
         <size>0x38</size>
         <input_file_ref idref="fl-28"/>
      </object_component>
      <object_component id="oc-a4">
         <name>.debug_abbrev</name>
         <load_address>0x18ee</load_address>
         <run_address>0x18ee</run_address>
         <size>0x1de</size>
         <input_file_ref idref="fl-29"/>
      </object_component>
      <object_component id="oc-a8">
         <name>.debug_abbrev</name>
         <load_address>0x1acc</load_address>
         <run_address>0x1acc</run_address>
         <size>0xdc</size>
         <input_file_ref idref="fl-2a"/>
      </object_component>
      <object_component id="oc-ac">
         <name>.debug_abbrev</name>
         <load_address>0x1ba8</load_address>
         <run_address>0x1ba8</run_address>
         <size>0x145</size>
         <input_file_ref idref="fl-2b"/>
      </object_component>
      <object_component id="oc-b0">
         <name>.debug_abbrev</name>
         <load_address>0x1ced</load_address>
         <run_address>0x1ced</run_address>
         <size>0xbf</size>
         <input_file_ref idref="fl-2c"/>
      </object_component>
      <object_component id="oc-b5">
         <name>.debug_abbrev</name>
         <load_address>0x1dac</load_address>
         <run_address>0x1dac</run_address>
         <size>0xaf</size>
         <input_file_ref idref="fl-2d"/>
      </object_component>
      <object_component id="oc-bc">
         <name>.debug_abbrev</name>
         <load_address>0x1e5b</load_address>
         <run_address>0x1e5b</run_address>
         <size>0xcc</size>
         <input_file_ref idref="fl-2e"/>
      </object_component>
      <object_component id="oc-c0">
         <name>.debug_abbrev</name>
         <load_address>0x1f27</load_address>
         <run_address>0x1f27</run_address>
         <size>0x8f</size>
         <input_file_ref idref="fl-2f"/>
      </object_component>
      <object_component id="oc-c5">
         <name>.debug_abbrev</name>
         <load_address>0x1fb6</load_address>
         <run_address>0x1fb6</run_address>
         <size>0x15a</size>
         <input_file_ref idref="fl-30"/>
      </object_component>
      <object_component id="oc-cb">
         <name>.debug_abbrev</name>
         <load_address>0x2110</load_address>
         <run_address>0x2110</run_address>
         <size>0xde</size>
         <input_file_ref idref="fl-31"/>
      </object_component>
      <object_component id="oc-d0">
         <name>.debug_abbrev</name>
         <load_address>0x21ee</load_address>
         <run_address>0x21ee</run_address>
         <size>0xaf</size>
         <input_file_ref idref="fl-32"/>
      </object_component>
      <object_component id="oc-d4">
         <name>.debug_abbrev</name>
         <load_address>0x229d</load_address>
         <run_address>0x229d</run_address>
         <size>0x38</size>
         <input_file_ref idref="fl-33"/>
      </object_component>
      <object_component id="oc-d8">
         <name>.debug_abbrev</name>
         <load_address>0x22d5</load_address>
         <run_address>0x22d5</run_address>
         <size>0x26</size>
         <input_file_ref idref="fl-34"/>
      </object_component>
      <object_component id="oc-dc">
         <name>.debug_abbrev</name>
         <load_address>0x22fb</load_address>
         <run_address>0x22fb</run_address>
         <size>0x124</size>
         <input_file_ref idref="fl-35"/>
      </object_component>
      <object_component id="oc-e0">
         <name>.debug_abbrev</name>
         <load_address>0x241f</load_address>
         <run_address>0x241f</run_address>
         <size>0xd1</size>
         <input_file_ref idref="fl-36"/>
      </object_component>
      <object_component id="oc-e6">
         <name>.debug_abbrev</name>
         <load_address>0x24f0</load_address>
         <run_address>0x24f0</run_address>
         <size>0x9f</size>
         <input_file_ref idref="fl-37"/>
      </object_component>
      <object_component id="oc-ec">
         <name>.debug_abbrev</name>
         <load_address>0x258f</load_address>
         <run_address>0x258f</run_address>
         <size>0x1f8</size>
         <input_file_ref idref="fl-38"/>
      </object_component>
      <object_component id="oc-f0">
         <name>.debug_abbrev</name>
         <load_address>0x2787</load_address>
         <run_address>0x2787</run_address>
         <size>0xec</size>
         <input_file_ref idref="fl-39"/>
      </object_component>
      <object_component id="oc-f4">
         <name>.debug_abbrev</name>
         <load_address>0x2873</load_address>
         <run_address>0x2873</run_address>
         <size>0xd5</size>
         <input_file_ref idref="fl-3a"/>
      </object_component>
      <object_component id="oc-f8">
         <name>.debug_abbrev</name>
         <load_address>0x2948</load_address>
         <run_address>0x2948</run_address>
         <size>0x44</size>
         <input_file_ref idref="fl-3b"/>
      </object_component>
      <object_component id="oc-fc">
         <name>.debug_abbrev</name>
         <load_address>0x298c</load_address>
         <run_address>0x298c</run_address>
         <size>0xb7</size>
         <input_file_ref idref="fl-3c"/>
      </object_component>
      <object_component id="oc-fe">
         <name>.debug_abbrev</name>
         <load_address>0x2a43</load_address>
         <run_address>0x2a43</run_address>
         <size>0x68</size>
         <input_file_ref idref="fl-3d"/>
      </object_component>
      <object_component id="oc-102">
         <name>.debug_abbrev</name>
         <load_address>0x2aab</load_address>
         <run_address>0x2aab</run_address>
         <size>0x83</size>
         <input_file_ref idref="fl-3e"/>
      </object_component>
      <object_component id="oc-106">
         <name>.debug_abbrev</name>
         <load_address>0x2b2e</load_address>
         <run_address>0x2b2e</run_address>
         <size>0xb5</size>
         <input_file_ref idref="fl-3f"/>
      </object_component>
      <object_component id="oc-10a">
         <name>.debug_abbrev</name>
         <load_address>0x2be3</load_address>
         <run_address>0x2be3</run_address>
         <size>0x103</size>
         <input_file_ref idref="fl-40"/>
      </object_component>
      <object_component id="oc-10f">
         <name>.debug_abbrev</name>
         <load_address>0x2ce6</load_address>
         <run_address>0x2ce6</run_address>
         <size>0x140</size>
         <input_file_ref idref="fl-41"/>
      </object_component>
      <object_component id="oc-113">
         <name>.debug_abbrev</name>
         <load_address>0x2e26</load_address>
         <run_address>0x2e26</run_address>
         <size>0x81</size>
         <input_file_ref idref="fl-42"/>
      </object_component>
      <object_component id="oc-117">
         <name>.debug_abbrev</name>
         <load_address>0x2ea7</load_address>
         <run_address>0x2ea7</run_address>
         <size>0xd1</size>
         <input_file_ref idref="fl-43"/>
      </object_component>
      <object_component id="oc-11b">
         <name>.debug_abbrev</name>
         <load_address>0x2f78</load_address>
         <run_address>0x2f78</run_address>
         <size>0xd0</size>
         <input_file_ref idref="fl-44"/>
      </object_component>
      <object_component id="oc-11f">
         <name>.debug_abbrev</name>
         <load_address>0x3048</load_address>
         <run_address>0x3048</run_address>
         <size>0xb7</size>
         <input_file_ref idref="fl-45"/>
      </object_component>
      <object_component id="oc-123">
         <name>.debug_abbrev</name>
         <load_address>0x30ff</load_address>
         <run_address>0x30ff</run_address>
         <size>0xec</size>
         <input_file_ref idref="fl-46"/>
      </object_component>
      <object_component id="oc-127">
         <name>.debug_abbrev</name>
         <load_address>0x31eb</load_address>
         <run_address>0x31eb</run_address>
         <size>0xb7</size>
         <input_file_ref idref="fl-47"/>
      </object_component>
      <object_component id="oc-12c">
         <name>.debug_abbrev</name>
         <load_address>0x32a2</load_address>
         <run_address>0x32a2</run_address>
         <size>0x98</size>
         <input_file_ref idref="fl-48"/>
      </object_component>
      <object_component id="oc-130">
         <name>.debug_abbrev</name>
         <load_address>0x333a</load_address>
         <run_address>0x333a</run_address>
         <size>0x81</size>
         <input_file_ref idref="fl-49"/>
      </object_component>
      <object_component id="oc-134">
         <name>.debug_abbrev</name>
         <load_address>0x33bb</load_address>
         <run_address>0x33bb</run_address>
         <size>0xa6</size>
         <input_file_ref idref="fl-4a"/>
      </object_component>
      <object_component id="oc-138">
         <name>.debug_abbrev</name>
         <load_address>0x3461</load_address>
         <run_address>0x3461</run_address>
         <size>0xb5</size>
         <input_file_ref idref="fl-4b"/>
      </object_component>
      <object_component id="oc-13c">
         <name>.debug_abbrev</name>
         <load_address>0x3516</load_address>
         <run_address>0x3516</run_address>
         <size>0x10b</size>
         <input_file_ref idref="fl-4c"/>
      </object_component>
      <object_component id="oc-140">
         <name>.debug_abbrev</name>
         <load_address>0x3621</load_address>
         <run_address>0x3621</run_address>
         <size>0xa6</size>
         <input_file_ref idref="fl-4d"/>
      </object_component>
      <object_component id="oc-16c">
         <name>.debug_abbrev</name>
         <load_address>0x36c7</load_address>
         <run_address>0x36c7</run_address>
         <size>0xd</size>
      </object_component>
      <object_component id="oc-1b">
         <name>.debug_frame</name>
         <load_address>0x0</load_address>
         <run_address>0x0</run_address>
         <size>0x218</size>
         <input_file_ref idref="fl-3"/>
      </object_component>
      <object_component id="oc-23">
         <name>.debug_frame</name>
         <load_address>0x218</load_address>
         <run_address>0x218</run_address>
         <size>0x139</size>
         <input_file_ref idref="fl-4"/>
      </object_component>
      <object_component id="oc-2a">
         <name>.debug_frame</name>
         <load_address>0x351</load_address>
         <run_address>0x351</run_address>
         <size>0x11f</size>
         <input_file_ref idref="fl-5"/>
      </object_component>
      <object_component id="oc-31">
         <name>.debug_frame</name>
         <load_address>0x470</load_address>
         <run_address>0x470</run_address>
         <size>0x152</size>
         <input_file_ref idref="fl-6"/>
      </object_component>
      <object_component id="oc-38">
         <name>.debug_frame</name>
         <load_address>0x5c2</load_address>
         <run_address>0x5c2</run_address>
         <size>0xe2</size>
         <input_file_ref idref="fl-7"/>
      </object_component>
      <object_component id="oc-3d">
         <name>.debug_frame</name>
         <load_address>0x6a4</load_address>
         <run_address>0x6a4</run_address>
         <size>0x101</size>
         <input_file_ref idref="fl-8"/>
      </object_component>
      <object_component id="oc-4f">
         <name>.debug_frame</name>
         <load_address>0x7a5</load_address>
         <run_address>0x7a5</run_address>
         <size>0x116</size>
         <input_file_ref idref="fl-17"/>
      </object_component>
      <object_component id="oc-1c">
         <name>.debug_line</name>
         <load_address>0x0</load_address>
         <run_address>0x0</run_address>
         <size>0x1ba</size>
         <input_file_ref idref="fl-3"/>
      </object_component>
      <object_component id="oc-24">
         <name>.debug_line</name>
         <load_address>0x1ba</load_address>
         <run_address>0x1ba</run_address>
         <size>0xb8</size>
         <input_file_ref idref="fl-4"/>
      </object_component>
      <object_component id="oc-2b">
         <name>.debug_line</name>
         <load_address>0x272</load_address>
         <run_address>0x272</run_address>
         <size>0x1e7</size>
         <input_file_ref idref="fl-5"/>
      </object_component>
      <object_component id="oc-32">
         <name>.debug_line</name>
         <load_address>0x459</load_address>
         <run_address>0x459</run_address>
         <size>0x1b5</size>
         <input_file_ref idref="fl-6"/>
      </object_component>
      <object_component id="oc-39">
         <name>.debug_line</name>
[...]
         <object_component_ref idref="oc-35"/>
      </symbol>
      <symbol id="sm-199">
         <name>_quantB</name>
         <value>0x255ff</value>
         <object_component_ref idref="oc-3b"/>
      </symbol>
      <symbol id="sm-19a">
         <name>_reconstructB</name>
         <value>0x2564c</value>
         <object_component_ref idref="oc-3b"/>
      </symbol>
      <symbol id="sm-1b5">
         <name>_cbrev</name>
         <value>0x24c67</value>
         <object_component_ref idref="oc-40"/>
      </symbol>
      <symbol id="sm-1c9">
         <name>_cifft_NOSCALE</name>
         <value>0x2475c</value>
         <object_component_ref idref="oc-44"/>
      </symbol>
      <symbol id="sm-1cd">
         <name>twiddle</name>
         <value>0x8000</value>
         <object_component_ref idref="oc-48"/>
      </symbol>
      <symbol id="sm-1d8">
         <name>_unpacki</name>
         <value>0x2516d</value>
         <object_component_ref idref="oc-49"/>
      </symbol>
      <symbol id="sm-1e6">
         <name>_EZDSP5535_waitusec</name>
         <value>0x25754</value>
         <object_component_ref idref="oc-4d"/>
      </symbol>
      <symbol id="sm-1e7">
         <name>_EZDSP5535_init</name>
         <value>0x25766</value>
         <object_component_ref idref="oc-4d"/>
      </symbol>
      <symbol id="sm-1e8">
         <name>_EZDSP5535_wait</name>
         <value>0x25720</value>
         <object_component_ref idref="oc-4d"/>
      </symbol>
      <symbol id="sm-1f2">
         <name>__addd</name>
         <value>0x23af8</value>
         <object_component_ref idref="oc-52"/>
      </symbol>
      <symbol id="sm-1fe">
         <name>__sysstack</name>
         <value>0x20c0</value>
         <object_component_ref idref="oc-141"/>
      </symbol>
      <symbol id="sm-1ff">
         <name>_c_int00</name>
         <value>0x259ad</value>
         <object_component_ref idref="oc-12"/>
      </symbol>
      <symbol id="sm-200">
         <name>__stack</name>
         <value>0xc0</value>
         <object_component_ref idref="oc-56"/>
      </symbol>
      <symbol id="sm-20c">
         <name>__divd</name>
         <value>0x22ae7</value>
         <object_component_ref idref="oc-5a"/>
      </symbol>
      <symbol id="sm-21c">
         <name>C$$EXIT</name>
         <value>0x25ad2</value>
         <object_component_ref idref="oc-62"/>
      </symbol>
      <symbol id="sm-21d">
         <name>_exit</name>
         <value>0x2596f</value>
         <object_component_ref idref="oc-5e"/>
      </symbol>
      <symbol id="sm-21e">
         <name>_abort</name>
         <value>0x25ad1</value>
         <object_component_ref idref="oc-62"/>
      </symbol>
      <symbol id="sm-21f">
         <name>__cleanup_ptr</name>
         <value>0x5608</value>
         <object_component_ref idref="oc-5f"/>
      </symbol>
      <symbol id="sm-220">
         <name>__dtors_ptr</name>
         <value>0x560c</value>
         <object_component_ref idref="oc-5f"/>
      </symbol>
      <symbol id="sm-22a">
         <name>_fclose</name>
         <value>0x2527b</value>
         <object_component_ref idref="oc-65"/>
      </symbol>
      <symbol id="sm-234">
         <name>__doflush</name>
         <value>0x24d3d</value>
         <object_component_ref idref="oc-69"/>
      </symbol>
      <symbol id="sm-235">
         <name>_fflush</name>
         <value>0x24da6</value>
         <object_component_ref idref="oc-69"/>
      </symbol>
      <symbol id="sm-23f">
         <name>__fixdi</name>
         <value>0x259e1</value>
         <object_component_ref idref="oc-6d"/>
      </symbol>
      <symbol id="sm-249">
         <name>__fixdli</name>
         <value>0x25451</value>
         <object_component_ref idref="oc-71"/>
      </symbol>
      <symbol id="sm-253">
         <name>__fltid</name>
         <value>0x25abb</value>
         <object_component_ref idref="oc-75"/>
      </symbol>
      <symbol id="sm-25f">
         <name>__fltlid</name>
         <value>0x25598</value>
         <object_component_ref idref="oc-79"/>
      </symbol>
      <symbol id="sm-26e">
         <name>__cleanup</name>
         <value>0x2373c</value>
         <object_component_ref idref="oc-7e"/>
      </symbol>
      <symbol id="sm-26f">
         <name>_fopen</name>
         <value>0x2385f</value>
         <object_component_ref idref="oc-7e"/>
      </symbol>
      <symbol id="sm-270">
         <name>_freopen</name>
         <value>0x23796</value>
         <object_component_ref idref="oc-7e"/>
      </symbol>
      <symbol id="sm-27a">
         <name>__frcmpyd_div</name>
         <value>0x2536c</value>
         <object_component_ref idref="oc-84"/>
      </symbol>
      <symbol id="sm-284">
         <name>_fread</name>
         <value>0x2489f</value>
         <object_component_ref idref="oc-88"/>
      </symbol>
      <symbol id="sm-290">
         <name>_fwrite</name>
         <value>0x23f44</value>
         <object_component_ref idref="oc-8c"/>
      </symbol>
      <symbol id="sm-298">
         <name>__mpyli</name>
         <value>0x25a86</value>
         <object_component_ref idref="oc-90"/>
      </symbol>
      <symbol id="sm-299">
         <name>I$$LMPY</name>
         <value>0x25a86</value>
         <object_component_ref idref="oc-90"/>
      </symbol>
      <symbol id="sm-2ab">
         <name>_add_device</name>
         <value>0x2201a</value>
         <object_component_ref idref="oc-94"/>
      </symbol>
      <symbol id="sm-2ac">
         <name>_rename</name>
         <value>0x21d3c</value>
         <object_component_ref idref="oc-94"/>
      </symbol>
      <symbol id="sm-2ad">
         <name>_read</name>
         <value>0x21dcb</value>
         <object_component_ref idref="oc-94"/>
      </symbol>
      <symbol id="sm-2ae">
         <name>_unlink</name>
         <value>0x21d09</value>
         <object_component_ref idref="oc-94"/>
      </symbol>
      <symbol id="sm-2af">
         <name>_remove_device</name>
         <value>0x21d95</value>
         <object_component_ref idref="oc-94"/>
      </symbol>
      <symbol id="sm-2b0">
         <name>_open</name>
         <value>0x21e79</value>
         <object_component_ref idref="oc-94"/>
      </symbol>
      <symbol id="sm-2b1">
         <name>_find_registered_device</name>
         <value>0x21f9e</value>
         <object_component_ref idref="oc-94"/>
      </symbol>
      <symbol id="sm-2b2">
         <name>_lseek</name>
         <value>0x21f38</value>
         <object_component_ref idref="oc-94"/>
      </symbol>
      <symbol id="sm-2b3">
         <name>_close</name>
         <value>0x21fa7</value>
         <object_component_ref idref="oc-94"/>
      </symbol>
      <symbol id="sm-2b4">
         <name>_write</name>
         <value>0x21bc7</value>
         <object_component_ref idref="oc-94"/>
      </symbol>
      <symbol id="sm-2bc">
         <name>_memcpy</name>
         <value>0x25930</value>
         <object_component_ref idref="oc-9a"/>
      </symbol>
      <symbol id="sm-2cc">
         <name>__sys_memory</name>
         <value>0x5610</value>
         <object_component_ref idref="oc-a2"/>
      </symbol>
      <symbol id="sm-2cd">
         <name>_chkheap</name>
         <value>0x22ab9</value>
         <object_component_ref idref="oc-9e"/>
      </symbol>
      <symbol id="sm-2ce">
         <name>_realloc</name>
         <value>0x22858</value>
         <object_component_ref idref="oc-9e"/>
      </symbol>
      <symbol id="sm-2cf">
         <name>_free_memory</name>
         <value>0x22a63</value>
         <object_component_ref idref="oc-9e"/>
      </symbol>
      <symbol id="sm-2d0">
         <name>_max_free</name>
         <value>0x22a09</value>
         <object_component_ref idref="oc-9e"/>
      </symbol>
      <symbol id="sm-2d1">
         <name>_free</name>
         <value>0x22632</value>
         <object_component_ref idref="oc-9e"/>
      </symbol>
      <symbol id="sm-2d2">
         <name>_calloc</name>
         <value>0x22ac1</value>
         <object_component_ref idref="oc-9e"/>
      </symbol>
      <symbol id="sm-2d3">
         <name>_malloc</name>
         <value>0x22763</value>
         <object_component_ref idref="oc-9e"/>
      </symbol>
      <symbol id="sm-2d4">
         <name>_minit</name>
         <value>0x226fe</value>
         <object_component_ref idref="oc-9e"/>
      </symbol>
      <symbol id="sm-2de">
         <name>__mpyd</name>
         <value>0x24610</value>
         <object_component_ref idref="oc-a5"/>
      </symbol>
      <symbol id="sm-2e8">
         <name>_printf</name>
         <value>0x25774</value>
         <object_component_ref idref="oc-a9"/>
      </symbol>
      <symbol id="sm-2f2">
         <name>_remove</name>
         <value>0x25ac7</value>
         <object_component_ref idref="oc-ad"/>
      </symbol>
      <symbol id="sm-2fe">
         <name>__nround</name>
         <value>0x25665</value>
         <object_component_ref idref="oc-b1"/>
      </symbol>
      <symbol id="sm-30f">
         <name>_sin</name>
         <value>0x23d52</value>
         <object_component_ref idref="oc-b6"/>
      </symbol>
      <symbol id="sm-319">
         <name>__subd</name>
         <value>0x25a72</value>
         <object_component_ref idref="oc-bd"/>
      </symbol>
      <symbol id="sm-325">
         <name>_HOSTopen</name>
         <value>0x22415</value>
         <object_component_ref idref="oc-c1"/>
      </symbol>
      <symbol id="sm-326">
         <name>_HOSTread</name>
         <value>0x22388</value>
         <object_component_ref idref="oc-c1"/>
      </symbol>
      <symbol id="sm-327">
         <name>_HOSTtime</name>
         <value>0x2227c</value>
         <object_component_ref idref="oc-c1"/>
      </symbol>
      <symbol id="sm-328">
         <name>_getenv</name>
         <value>0x2210a</value>
         <object_component_ref idref="oc-c1"/>
      </symbol>
      <symbol id="sm-329">
         <name>_HOSTrename</name>
         <value>0x222da</value>
         <object_component_ref idref="oc-c1"/>
      </symbol>
      <symbol id="sm-32a">
         <name>_HOSTclock</name>
         <value>0x225d4</value>
         <object_component_ref idref="oc-c1"/>
      </symbol>
      <symbol id="sm-32b">
         <name>_HOSTwrite</name>
         <value>0x22185</value>
         <object_component_ref idref="oc-c1"/>
      </symbol>
      <symbol id="sm-32c">
         <name>_HOSTlseek</name>
         <value>0x224b4</value>
         <object_component_ref idref="oc-c1"/>
      </symbol>
      <symbol id="sm-32d">
         <name>_HOSTunlink</name>
         <value>0x22212</value>
         <object_component_ref idref="oc-c1"/>
      </symbol>
      <symbol id="sm-32e">
         <name>_HOSTclose</name>
         <value>0x22569</value>
         <object_component_ref idref="oc-c1"/>
      </symbol>
      <symbol id="sm-340">
         <name>C$$IO$$</name>
         <value>0x24f73</value>
         <object_component_ref idref="oc-c9"/>
      </symbol>
      <symbol id="sm-341">
         <name>__CIOBUF_</name>
         <value>0x40000</value>
         <object_component_ref idref="oc-c8"/>
      </symbol>
      <symbol id="sm-342">
         <name>_readmsg</name>
         <value>0x254c0</value>
         <object_component_ref idref="oc-c6"/>
      </symbol>
      <symbol id="sm-343">
         <name>_writemsg</name>
         <value>0x24ebe</value>
         <object_component_ref idref="oc-c9"/>
      </symbol>
      <symbol id="sm-34f">
         <name>__trunc</name>
         <value>0x258ef</value>
         <object_component_ref idref="oc-cc"/>
      </symbol>
      <symbol id="sm-357">
         <name>__remu</name>
         <value>0x25a20</value>
         <object_component_ref idref="oc-d1"/>
      </symbol>
      <symbol id="sm-358">
         <name>__divu</name>
         <value>0x25a0b</value>
         <object_component_ref idref="oc-d1"/>
      </symbol>
      <symbol id="sm-359">
         <name>I$$UMOD</name>
         <value>0x25a20</value>
         <object_component_ref idref="oc-d1"/>
      </symbol>
      <symbol id="sm-35a">
         <name>I$$UDIV</name>
         <value>0x25a0b</value>
         <object_component_ref idref="oc-d1"/>
      </symbol>
      <symbol id="sm-364">
         <name>_Reset</name>
         <value>0x4fe00</value>
         <object_component_ref idref="oc-13"/>
      </symbol>
      <symbol id="sm-36e">
         <name>__buff_read</name>
         <value>0x24f78</value>
         <object_component_ref idref="oc-d9"/>
      </symbol>
      <symbol id="sm-378">
         <name>__rd_ok</name>
         <value>0x24c0a</value>
         <object_component_ref idref="oc-dd"/>
      </symbol>
      <symbol id="sm-379">
         <name>__wrt_ok</name>
         <value>0x24b8a</value>
         <object_component_ref idref="oc-dd"/>
      </symbol>
      <symbol id="sm-387">
         <name>__unlock</name>
         <value>0x5604</value>
         <object_component_ref idref="oc-e2"/>
      </symbol>
      <symbol id="sm-388">
         <name>__lock</name>
         <value>0x5600</value>
         <object_component_ref idref="oc-e2"/>
      </symbol>
      <symbol id="sm-389">
         <name>__register_lock</name>
         <value>0x25aa1</value>
         <object_component_ref idref="oc-e1"/>
      </symbol>
      <symbol id="sm-38a">
         <name>__nop</name>
         <value>0x25aa9</value>
         <object_component_ref idref="oc-e1"/>
      </symbol>
      <symbol id="sm-38b">
         <name>__register_unlock</name>
         <value>0x25a99</value>
         <object_component_ref idref="oc-e1"/>
      </symbol>
      <symbol id="sm-39d">
         <name>__printfi</name>
         <value>0x21362</value>
         <object_component_ref idref="oc-e7"/>
      </symbol>
      <symbol id="sm-3a7">
         <name>__args_main</name>
         <value>0x25811</value>
         <object_component_ref idref="oc-ed"/>
      </symbol>
      <symbol id="sm-3a8">
         <name>__TI_args_main</name>
         <value>0x1</value>
      </symbol>
      <symbol id="sm-3b2">
         <name>_atoi</name>
         <value>0x256c4</value>
         <object_component_ref idref="oc-f1"/>
      </symbol>
      <symbol id="sm-3ba">
         <name>_auto_init</name>
         <value>0x257c4</value>
         <object_component_ref idref="oc-f5"/>
      </symbol>
      <symbol id="sm-3c4">
         <name>__eqld</name>
         <value>0x24290</value>
         <object_component_ref idref="oc-f9"/>
      </symbol>
      <symbol id="sm-3c5">
         <name>__cmpd</name>
         <value>0x242c4</value>
         <object_component_ref idref="oc-f9"/>
      </symbol>
      <symbol id="sm-3c6">
         <name>__neqd</name>
         <value>0x24132</value>
         <object_component_ref idref="oc-f9"/>
      </symbol>
      <symbol id="sm-3c7">
         <name>__gtrd</name>
         <value>0x241fb</value>
         <object_component_ref idref="oc-f9"/>
      </symbol>
      <symbol id="sm-3c8">
         <name>__geqd</name>
         <value>0x24246</value>
         <object_component_ref idref="oc-f9"/>
      </symbol>
      <symbol id="sm-3c9">
         <name>__leqd</name>
         <value>0x241ae</value>
         <object_component_ref idref="oc-f9"/>
      </symbol>
      <symbol id="sm-3ca">
         <name>__lssd</name>
         <value>0x24166</value>
         <object_component_ref idref="oc-f9"/>
      </symbol>
      <symbol id="sm-3d2">
         <name>__ctypes_</name>
         <value>0x7610</value>
         <object_component_ref idref="oc-144"/>
      </symbol>
      <symbol id="sm-3dc">
         <name>__tmpnams</name>
         <value>0x5208</value>
         <object_component_ref idref="oc-ff"/>
      </symbol>
      <symbol id="sm-3dd">
         <name>__ft_end</name>
         <value>0x5348</value>
         <object_component_ref idref="oc-ff"/>
      </symbol>
      <symbol id="sm-3de">
         <name>__ftable</name>
         <value>0x5118</value>
         <object_component_ref idref="oc-ff"/>
      </symbol>
      <symbol id="sm-3e9">
         <name>__divul</name>
         <value>0x250cc</value>
         <object_component_ref idref="oc-103"/>
      </symbol>
      <symbol id="sm-3f3">
         <name>_putchar</name>
         <value>0x250bd</value>
         <object_component_ref idref="oc-107"/>
      </symbol>
      <symbol id="sm-3f4">
         <name>_putc</name>
         <value>0x25026</value>
         <object_component_ref idref="oc-107"/>
      </symbol>
      <symbol id="sm-3f5">
         <name>_fputc</name>
         <value>0x25026</value>
         <object_component_ref idref="oc-107"/>
      </symbol>
      <symbol id="sm-403">
         <name>_puts</name>
         <value>0x245e2</value>
         <object_component_ref idref="oc-10b"/>
      </symbol>
      <symbol id="sm-404">
         <name>_fputs</name>
         <value>0x244ad</value>
         <object_component_ref idref="oc-10b"/>
      </symbol>
      <symbol id="sm-40e">
         <name>__frcmpyd</name>
         <value>0x252f6</value>
         <object_component_ref idref="oc-110"/>
      </symbol>
      <symbol id="sm-418">
         <name>_fseek</name>
         <value>0x2552d</value>
         <object_component_ref idref="oc-114"/>
      </symbol>
      <symbol id="sm-422">
         <name>___isinf</name>
         <value>0x25a58</value>
         <object_component_ref idref="oc-118"/>
      </symbol>
      <symbol id="sm-42c">
         <name>__divull</name>
         <value>0x239cf</value>
         <object_component_ref idref="oc-11c"/>
      </symbol>
      <symbol id="sm-42d">
         <name>__mpylli</name>
         <value>0x23917</value>
         <object_component_ref idref="oc-11c"/>
      </symbol>
      <symbol id="sm-42e">
         <name>__remlli</name>
         <value>0x238e8</value>
         <object_component_ref idref="oc-11c"/>
      </symbol>
      <symbol id="sm-42f">
         <name>__divlli</name>
         <value>0x23ac3</value>
         <object_component_ref idref="oc-11c"/>
      </symbol>
      <symbol id="sm-430">
         <name>__remull</name>
         <value>0x2389a</value>
         <object_component_ref idref="oc-11c"/>
      </symbol>
      <symbol id="sm-43a">
         <name>_ltoa</name>
         <value>0x251fe</value>
         <object_component_ref idref="oc-120"/>
      </symbol>
      <symbol id="sm-445">
         <name>_memccpy</name>
         <value>0x25a35</value>
         <object_component_ref idref="oc-124"/>
      </symbol>
      <symbol id="sm-451">
         <name>_modf</name>
         <value>0x24dff</value>
         <object_component_ref idref="oc-128"/>
      </symbol>
      <symbol id="sm-45b">
         <name>__negd</name>
         <value>0x25aab</value>
         <object_component_ref idref="oc-12d"/>
      </symbol>
      <symbol id="sm-465">
         <name>__remli</name>
         <value>0x2585c</value>
         <object_component_ref idref="oc-131"/>
      </symbol>
      <symbol id="sm-470">
         <name>__remul</name>
         <value>0x253df</value>
         <object_component_ref idref="oc-135"/>
      </symbol>
      <symbol id="sm-47a">
         <name>_setvbuf</name>
         <value>0x24aa4</value>
         <object_component_ref idref="oc-139"/>
      </symbol>
      <symbol id="sm-484">
         <name>__divli</name>
         <value>0x258a7</value>
         <object_component_ref idref="oc-13d"/>
      </symbol>
   </symbol_table>
</link_info>
