<?xml version="1.0"?>
<link_info>
   <banner>TMS320C55x Linker PC v4.4.1</banner>
   <copyright>Copyright (c) 1996-2012 Texas Instruments Incorporated</copyright>
   <link_time>0x61c0f814</link_time>
   <output_file>Encoder.out</output_file>
   <entry_point>
      <name>_c_int00</name>
      <address>0x27b98</address>
   </entry_point>
   <input_file_list>
      <input_file id="fl-2">
         <path>.\</path>
         <kind>object</kind>
         <file>WAVheader.obj</file>
         <name>WAVheader.obj</name>
      </input_file>
      <input_file id="fl-3">
         <path>.\</path>
         <kind>object</kind>
         <file>aic3204.obj</file>
         <name>aic3204.obj</name>
      </input_file>
      <input_file id="fl-4">
         <path>.\</path>
         <kind>object</kind>
         <file>aic3204_init.obj</file>
         <name>aic3204_init.obj</name>
      </input_file>
      <input_file id="fl-5">
         <path>.\</path>
         <kind>object</kind>
         <file>encode.obj</file>
         <name>encode.obj</name>
      </input_file>
      <input_file id="fl-6">
         <path>.\</path>
         <kind>object</kind>
         <file>ezdsp5535_aic3204_dma.obj</file>
         <name>ezdsp5535_aic3204_dma.obj</name>
      </input_file>
      <input_file id="fl-7">
         <path>.\</path>
         <kind>object</kind>
         <file>main.obj</file>
         <name>main.obj</name>
      </input_file>
      <input_file id="fl-8">
         <path>.\</path>
         <kind>object</kind>
         <file>quant.obj</file>
         <name>quant.obj</name>
      </input_file>
      <input_file id="fl-13">
         <path>..\c55xx_csl\lib\</path>
         <kind>archive</kind>
         <file>55xdspx_r3.lib</file>
         <name>cbrev.obj</name>
      </input_file>
      <input_file id="fl-14">
         <path>..\c55xx_csl\lib\</path>
         <kind>archive</kind>
         <file>55xdspx_r3.lib</file>
         <name>cfft_scale.obj</name>
      </input_file>
      <input_file id="fl-15">
         <path>..\c55xx_csl\lib\</path>
         <kind>archive</kind>
         <file>55xdspx_r3.lib</file>
         <name>sqrtv.obj</name>
      </input_file>
      <input_file id="fl-16">
         <path>..\c55xx_csl\lib\</path>
         <kind>archive</kind>
         <file>55xdspx_r3.lib</file>
         <name>twiddle.obj</name>
      </input_file>
      <input_file id="fl-17">
         <path>..\c55xx_csl\lib\</path>
         <kind>archive</kind>
         <file>55xdspx_r3.lib</file>
         <name>unpack.obj</name>
      </input_file>
      <input_file id="fl-18">
         <path>..\lib\</path>
         <kind>archive</kind>
         <file>ezdsp5535bsl.lib</file>
         <name>ezdsp5535.obj</name>
      </input_file>
      <input_file id="fl-19">
         <path>C:\ti\ccsv6\tools\compiler\c5500_4.4.1\lib\</path>
         <kind>archive</kind>
         <file>rts55x.lib</file>
         <name>addd.obj</name>
      </input_file>
      <input_file id="fl-1a">
         <path>C:\ti\ccsv6\tools\compiler\c5500_4.4.1\lib\</path>
         <kind>archive</kind>
         <file>rts55x.lib</file>
         <name>boot.obj</name>
      </input_file>
      <input_file id="fl-1b">
         <path>C:\ti\ccsv6\tools\compiler\c5500_4.4.1\lib\</path>
         <kind>archive</kind>
         <file>rts55x.lib</file>
         <name>divd.obj</name>
      </input_file>
      <input_file id="fl-1c">
         <path>C:\ti\ccsv6\tools\compiler\c5500_4.4.1\lib\</path>
         <kind>archive</kind>
         <file>rts55x.lib</file>
         <name>divul.obj</name>
      </input_file>
      <input_file id="fl-1d">
         <path>C:\ti\ccsv6\tools\compiler\c5500_4.4.1\lib\</path>
         <kind>archive</kind>
         <file>rts55x.lib</file>
         <name>exit.obj</name>
      </input_file>
      <input_file id="fl-1e">
         <path>C:\ti\ccsv6\tools\compiler\c5500_4.4.1\lib\</path>
         <kind>archive</kind>
         <file>rts55x.lib</file>
         <name>fclose.obj</name>
      </input_file>
      <input_file id="fl-1f">
         <path>C:\ti\ccsv6\tools\compiler\c5500_4.4.1\lib\</path>
         <kind>archive</kind>
         <file>rts55x.lib</file>
         <name>fflush.obj</name>
      </input_file>
      <input_file id="fl-20">
         <path>C:\ti\ccsv6\tools\compiler\c5500_4.4.1\lib\</path>
         <kind>archive</kind>
         <file>rts55x.lib</file>
         <name>fixdi.obj</name>
      </input_file>
      <input_file id="fl-21">
         <path>C:\ti\ccsv6\tools\compiler\c5500_4.4.1\lib\</path>
         <kind>archive</kind>
         <file>rts55x.lib</file>
         <name>fixdli.obj</name>
      </input_file>
      <input_file id="fl-22">
         <path>C:\ti\ccsv6\tools\compiler\c5500_4.4.1\lib\</path>
         <kind>archive</kind>
         <file>rts55x.lib</file>
         <name>fltid.obj</name>
      </input_file>
      <input_file id="fl-23">
         <path>C:\ti\ccsv6\tools\compiler\c5500_4.4.1\lib\</path>
         <kind>archive</kind>
         <file>rts55x.lib</file>
         <name>fltlid.obj</name>
      </input_file>
      <input_file id="fl-24">
         <path>C:\ti\ccsv6\tools\compiler\c5500_4.4.1\lib\</path>
         <kind>archive</kind>
         <file>rts55x.lib</file>
         <name>fopen.obj</name>
      </input_file>
      <input_file id="fl-25">
         <path>C:\ti\ccsv6\tools\compiler\c5500_4.4.1\lib\</path>
         <kind>archive</kind>
         <file>rts55x.lib</file>
         <name>frcmpyd_div.obj</name>
      </input_file>
      <input_file id="fl-26">
         <path>C:\ti\ccsv6\tools\compiler\c5500_4.4.1\lib\</path>
         <kind>archive</kind>
         <file>rts55x.lib</file>
         <name>fread.obj</name>
      </input_file>
      <input_file id="fl-27">
         <path>C:\ti\ccsv6\tools\compiler\c5500_4.4.1\lib\</path>
         <kind>archive</kind>
         <file>rts55x.lib</file>
         <name>fscanf.obj</name>
      </input_file>
      <input_file id="fl-28">
         <path>C:\ti\ccsv6\tools\compiler\c5500_4.4.1\lib\</path>
         <kind>archive</kind>
         <file>rts55x.lib</file>
         <name>fwrite.obj</name>
      </input_file>
      <input_file id="fl-29">
         <path>C:\ti\ccsv6\tools\compiler\c5500_4.4.1\lib\</path>
         <kind>archive</kind>
         <file>rts55x.lib</file>
         <name>lmpy.obj</name>
      </input_file>
      <input_file id="fl-2a">
         <path>C:\ti\ccsv6\tools\compiler\c5500_4.4.1\lib\</path>
         <kind>archive</kind>
         <file>rts55x.lib</file>
         <name>lowlev.obj</name>
      </input_file>
      <input_file id="fl-2b">
         <path>C:\ti\ccsv6\tools\compiler\c5500_4.4.1\lib\</path>
         <kind>archive</kind>
         <file>rts55x.lib</file>
         <name>memcpy.obj</name>
      </input_file>
      <input_file id="fl-2c">
         <path>C:\ti\ccsv6\tools\compiler\c5500_4.4.1\lib\</path>
         <kind>archive</kind>
         <file>rts55x.lib</file>
         <name>memory.obj</name>
      </input_file>
      <input_file id="fl-2d">
         <path>C:\ti\ccsv6\tools\compiler\c5500_4.4.1\lib\</path>
         <kind>archive</kind>
         <file>rts55x.lib</file>
         <name>mpyd.obj</name>
      </input_file>
      <input_file id="fl-2e">
         <path>C:\ti\ccsv6\tools\compiler\c5500_4.4.1\lib\</path>
         <kind>archive</kind>
         <file>rts55x.lib</file>
         <name>printf.obj</name>
      </input_file>
      <input_file id="fl-2f">
         <path>C:\ti\ccsv6\tools\compiler\c5500_4.4.1\lib\</path>
         <kind>archive</kind>
         <file>rts55x.lib</file>
         <name>remove.obj</name>
      </input_file>
      <input_file id="fl-30">
         <path>C:\ti\ccsv6\tools\compiler\c5500_4.4.1\lib\</path>
         <kind>archive</kind>
         <file>rts55x.lib</file>
         <name>round.obj</name>
      </input_file>
      <input_file id="fl-31">
         <path>C:\ti\ccsv6\tools\compiler\c5500_4.4.1\lib\</path>
         <kind>archive</kind>
         <file>rts55x.lib</file>
         <name>sin.obj</name>
      </input_file>
      <input_file id="fl-32">
         <path>C:\ti\ccsv6\tools\compiler\c5500_4.4.1\lib\</path>
         <kind>archive</kind>
         <file>rts55x.lib</file>
         <name>subd.obj</name>
      </input_file>
      <input_file id="fl-33">
         <path>C:\ti\ccsv6\tools\compiler\c5500_4.4.1\lib\</path>
         <kind>archive</kind>
         <file>rts55x.lib</file>
         <name>trgdrv.obj</name>
      </input_file>
      <input_file id="fl-34">
         <path>C:\ti\ccsv6\tools\compiler\c5500_4.4.1\lib\</path>
         <kind>archive</kind>
         <file>rts55x.lib</file>
         <name>trgmsg.obj</name>
      </input_file>
      <input_file id="fl-35">
         <path>C:\ti\ccsv6\tools\compiler\c5500_4.4.1\lib\</path>
         <kind>archive</kind>
         <file>rts55x.lib</file>
         <name>trunc.obj</name>
      </input_file>
      <input_file id="fl-36">
         <path>C:\ti\ccsv6\tools\compiler\c5500_4.4.1\lib\</path>
         <kind>archive</kind>
         <file>rts55x.lib</file>
         <name>udiv.obj</name>
      </input_file>
      <input_file id="fl-37">
         <path>C:\ti\ccsv6\tools\compiler\c5500_4.4.1\lib\</path>
         <kind>archive</kind>
         <file>rts55x.lib</file>
         <name>ungetc.obj</name>
      </input_file>
      <input_file id="fl-38">
         <path>C:\ti\ccsv6\tools\compiler\c5500_4.4.1\lib\</path>
         <kind>archive</kind>
         <file>rts55x.lib</file>
         <name>vectors.obj</name>
      </input_file>
      <input_file id="fl-39">
         <path>C:\ti\ccsv6\tools\compiler\c5500_4.4.1\lib\</path>
         <kind>archive</kind>
         <file>rts55x.lib</file>
         <name>_bufread.obj</name>
      </input_file>
      <input_file id="fl-3a">
         <path>C:\ti\ccsv6\tools\compiler\c5500_4.4.1\lib\</path>
         <kind>archive</kind>
         <file>rts55x.lib</file>
         <name>_io_perm.obj</name>
      </input_file>
      <input_file id="fl-3b">
         <path>C:\ti\ccsv6\tools\compiler\c5500_4.4.1\lib\</path>
         <kind>archive</kind>
         <file>rts55x.lib</file>
         <name>_lock.obj</name>
      </input_file>
      <input_file id="fl-3c">
         <path>C:\ti\ccsv6\tools\compiler\c5500_4.4.1\lib\</path>
         <kind>archive</kind>
         <file>rts55x.lib</file>
         <name>_printfi.obj</name>
      </input_file>
      <input_file id="fl-3d">
         <path>C:\ti\ccsv6\tools\compiler\c5500_4.4.1\lib\</path>
         <kind>archive</kind>
         <file>rts55x.lib</file>
         <name>_scanfi.obj</name>
      </input_file>
      <input_file id="fl-3e">
         <path>C:\ti\ccsv6\tools\compiler\c5500_4.4.1\lib\</path>
         <kind>archive</kind>
         <file>rts55x.lib</file>
         <name>args_main.obj</name>
      </input_file>
      <input_file id="fl-3f">
         <path>C:\ti\ccsv6\tools\compiler\c5500_4.4.1\lib\</path>
         <kind>archive</kind>
         <file>rts55x.lib</file>
         <name>atoi.obj</name>
      </input_file>
      <input_file id="fl-40">
         <path>C:\ti\ccsv6\tools\compiler\c5500_4.4.1\lib\</path>
         <kind>archive</kind>
         <file>rts55x.lib</file>
         <name>autoinit.obj</name>
      </input_file>
      <input_file id="fl-41">
         <path>C:\ti\ccsv6\tools\compiler\c5500_4.4.1\lib\</path>
         <kind>archive</kind>
         <file>rts55x.lib</file>
         <name>cmpd.obj</name>
      </input_file>
      <input_file id="fl-42">
         <path>C:\ti\ccsv6\tools\compiler\c5500_4.4.1\lib\</path>
         <kind>archive</kind>
         <file>rts55x.lib</file>
         <name>ctype.obj</name>
      </input_file>
      <input_file id="fl-43">
         <path>C:\ti\ccsv6\tools\compiler\c5500_4.4.1\lib\</path>
         <kind>archive</kind>
         <file>rts55x.lib</file>
         <name>defs.obj</name>
      </input_file>
      <input_file id="fl-44">
         <path>C:\ti\ccsv6\tools\compiler\c5500_4.4.1\lib\</path>
         <kind>archive</kind>
         <file>rts55x.lib</file>
         <name>fgetc.obj</name>
      </input_file>
      <input_file id="fl-45">
         <path>C:\ti\ccsv6\tools\compiler\c5500_4.4.1\lib\</path>
         <kind>archive</kind>
         <file>rts55x.lib</file>
         <name>fputc.obj</name>
      </input_file>
      <input_file id="fl-46">
         <path>C:\ti\ccsv6\tools\compiler\c5500_4.4.1\lib\</path>
         <kind>archive</kind>
         <file>rts55x.lib</file>
         <name>fputs.obj</name>
      </input_file>
      <input_file id="fl-47">
         <path>C:\ti\ccsv6\tools\compiler\c5500_4.4.1\lib\</path>
         <kind>archive</kind>
         <file>rts55x.lib</file>
         <name>frcmpyd.obj</name>
      </input_file>
      <input_file id="fl-48">
         <path>C:\ti\ccsv6\tools\compiler\c5500_4.4.1\lib\</path>
         <kind>archive</kind>
         <file>rts55x.lib</file>
         <name>fseek.obj</name>
      </input_file>
      <input_file id="fl-49">
         <path>C:\ti\ccsv6\tools\compiler\c5500_4.4.1\lib\</path>
         <kind>archive</kind>
         <file>rts55x.lib</file>
         <name>isinf.obj</name>
      </input_file>
      <input_file id="fl-4a">
         <path>C:\ti\ccsv6\tools\compiler\c5500_4.4.1\lib\</path>
         <kind>archive</kind>
         <file>rts55x.lib</file>
         <name>llmpy.obj</name>
      </input_file>
      <input_file id="fl-4b">
         <path>C:\ti\ccsv6\tools\compiler\c5500_4.4.1\lib\</path>
         <kind>archive</kind>
         <file>rts55x.lib</file>
         <name>ltoa.obj</name>
      </input_file>
      <input_file id="fl-4c">
         <path>C:\ti\ccsv6\tools\compiler\c5500_4.4.1\lib\</path>
         <kind>archive</kind>
         <file>rts55x.lib</file>
         <name>memccpy.obj</name>
      </input_file>
      <input_file id="fl-4d">
         <path>C:\ti\ccsv6\tools\compiler\c5500_4.4.1\lib\</path>
         <kind>archive</kind>
         <file>rts55x.lib</file>
         <name>modf.obj</name>
      </input_file>
      <input_file id="fl-4e">
         <path>C:\ti\ccsv6\tools\compiler\c5500_4.4.1\lib\</path>
         <kind>archive</kind>
         <file>rts55x.lib</file>
         <name>negd.obj</name>
      </input_file>
      <input_file id="fl-4f">
         <path>C:\ti\ccsv6\tools\compiler\c5500_4.4.1\lib\</path>
         <kind>archive</kind>
         <file>rts55x.lib</file>
         <name>remli.obj</name>
      </input_file>
      <input_file id="fl-50">
         <path>C:\ti\ccsv6\tools\compiler\c5500_4.4.1\lib\</path>
         <kind>archive</kind>
         <file>rts55x.lib</file>
         <name>remul.obj</name>
      </input_file>
      <input_file id="fl-51">
         <path>C:\ti\ccsv6\tools\compiler\c5500_4.4.1\lib\</path>
         <kind>archive</kind>
         <file>rts55x.lib</file>
         <name>setvbuf.obj</name>
      </input_file>
      <input_file id="fl-52">
         <path>C:\ti\ccsv6\tools\compiler\c5500_4.4.1\lib\</path>
         <kind>archive</kind>
         <file>rts55x.lib</file>
         <name>strtod.obj</name>
      </input_file>
      <input_file id="fl-53">
         <path>C:\ti\ccsv6\tools\compiler\c5500_4.4.1\lib\</path>
         <kind>archive</kind>
         <file>rts55x.lib</file>
         <name>strtol.obj</name>
      </input_file>
      <input_file id="fl-54">
         <path>C:\ti\ccsv6\tools\compiler\c5500_4.4.1\lib\</path>
         <kind>archive</kind>
         <file>rts55x.lib</file>
         <name>strtold.obj</name>
      </input_file>
      <input_file id="fl-55">
         <path>C:\ti\ccsv6\tools\compiler\c5500_4.4.1\lib\</path>
         <kind>archive</kind>
         <file>rts55x.lib</file>
         <name>strtoll.obj</name>
      </input_file>
      <input_file id="fl-56">
         <path>C:\ti\ccsv6\tools\compiler\c5500_4.4.1\lib\</path>
         <kind>archive</kind>
         <file>rts55x.lib</file>
         <name>strtoul.obj</name>
      </input_file>
      <input_file id="fl-57">
         <path>C:\ti\ccsv6\tools\compiler\c5500_4.4.1\lib\</path>
         <kind>archive</kind>
         <file>rts55x.lib</file>
         <name>strtoull.obj</name>
      </input_file>
      <input_file id="fl-58">
         <path>C:\ti\ccsv6\tools\compiler\c5500_4.4.1\lib\</path>
         <kind>archive</kind>
         <file>rts55x.lib</file>
         <name>divli.obj</name>
      </input_file>
      <input_file id="fl-59">
         <path>C:\ti\ccsv6\tools\compiler\c5500_4.4.1\lib\</path>
         <kind>archive</kind>
         <file>rts55x.lib</file>
         <name>errno.obj</name>
      </input_file>
      <input_file id="fl-5a">
         <path>C:\ti\ccsv6\tools\compiler\c5500_4.4.1\lib\</path>
         <kind>archive</kind>
         <file>rts55x.lib</file>
         <name>idiv.obj</name>
      </input_file>
   </input_file_list>
   <object_component_list>
      <object_component id="oc-f9">
         <name>.text</name>
         <load_address>0x20000</load_address>
         <run_address>0x20000</run_address>
         <size>0x15a4</size>
         <input_file_ref idref="fl-3c"/>
      </object_component>
      <object_component id="oc-ff">
         <name>.text</name>
         <load_address>0x215a4</load_address>
         <run_address>0x215a4</run_address>
         <size>0xedb</size>
         <input_file_ref idref="fl-3d"/>
      </object_component>
      <object_component id="oc-26">
         <name>.text</name>
         <load_address>0x2247f</load_address>
         <run_address>0x2247f</run_address>
         <size>0x65c</size>
         <input_file_ref idref="fl-5"/>
      </object_component>
      <object_component id="oc-a2">
         <name>.text</name>
         <load_address>0x22adb</load_address>
         <run_address>0x22adb</run_address>
         <size>0x543</size>
         <input_file_ref idref="fl-2a"/>
      </object_component>
      <object_component id="oc-cf">
         <name>.text</name>
         <load_address>0x2301e</load_address>
         <run_address>0x2301e</run_address>
         <size>0x528</size>
         <input_file_ref idref="fl-33"/>
      </object_component>
      <object_component id="oc-ac">
         <name>.text</name>
         <load_address>0x23546</load_address>
         <run_address>0x23546</run_address>
         <size>0x4b5</size>
         <input_file_ref idref="fl-2c"/>
      </object_component>
      <object_component id="oc-60">
         <name>.text</name>
         <load_address>0x239fb</load_address>
         <run_address>0x239fb</run_address>
         <size>0x3cc</size>
         <input_file_ref idref="fl-1b"/>
      </object_component>
      <object_component id="oc-16">
         <name>.text</name>
         <load_address>0x23dc7</load_address>
         <run_address>0x23dc7</run_address>
         <size>0x3ba</size>
         <input_file_ref idref="fl-3"/>
      </object_component>
      <object_component id="oc-2d">
         <name>.text</name>
         <load_address>0x24181</load_address>
         <run_address>0x24181</run_address>
         <size>0x3ae</size>
         <input_file_ref idref="fl-6"/>
      </object_component>
      <object_component id="oc-161">
         <name>.text</name>
         <load_address>0x2452f</load_address>
         <run_address>0x2452f</run_address>
         <size>0x301</size>
         <input_file_ref idref="fl-55"/>
      </object_component>
      <object_component id="oc-153">
         <name>.text</name>
         <load_address>0x24830</load_address>
         <run_address>0x24830</run_address>
         <size>0x2bd</size>
         <input_file_ref idref="fl-52"/>
      </object_component>
      <object_component id="oc-15c">
         <name>.text</name>
         <load_address>0x24aed</load_address>
         <run_address>0x24aed</run_address>
         <size>0x29f</size>
         <input_file_ref idref="fl-54"/>
      </object_component>
      <object_component id="oc-88">
         <name>.text</name>
         <load_address>0x24d8c</load_address>
         <run_address>0x24d8c</run_address>
         <size>0x27f</size>
         <input_file_ref idref="fl-24"/>
      </object_component>
      <object_component id="oc-132">
         <name>.text</name>
         <load_address>0x2500b</load_address>
         <run_address>0x2500b</run_address>
         <size>0x25e</size>
         <input_file_ref idref="fl-4a"/>
      </object_component>
      <object_component id="oc-58">
         <name>.text</name>
         <load_address>0x25269</load_address>
         <run_address>0x25269</run_address>
         <size>0x25a</size>
         <input_file_ref idref="fl-19"/>
      </object_component>
      <object_component id="oc-169">
         <name>.text</name>
         <load_address>0x254c3</load_address>
         <run_address>0x254c3</run_address>
         <size>0x24b</size>
         <input_file_ref idref="fl-57"/>
      </object_component>
      <object_component id="oc-34">
         <name>.text</name>
         <load_address>0x2570e</load_address>
         <run_address>0x2570e</run_address>
         <size>0x226</size>
         <input_file_ref idref="fl-7"/>
      </object_component>
      <object_component id="oc-158">
         <name>.text</name>
         <load_address>0x25934</load_address>
         <run_address>0x25934</run_address>
         <size>0x208</size>
         <input_file_ref idref="fl-53"/>
      </object_component>
      <object_component id="oc-c4">
         <name>.text</name>
         <load_address>0x25b3c</load_address>
         <run_address>0x25b3c</run_address>
         <size>0x1f2</size>
         <input_file_ref idref="fl-31"/>
      </object_component>
      <object_component id="oc-9a">
         <name>.text</name>
         <load_address>0x25d2e</load_address>
         <run_address>0x25d2e</run_address>
         <size>0x1ee</size>
         <input_file_ref idref="fl-28"/>
      </object_component>
      <object_component id="oc-10f">
         <name>.text</name>
         <load_address>0x25f1c</load_address>
         <run_address>0x25f1c</run_address>
         <size>0x1ea</size>
         <input_file_ref idref="fl-41"/>
      </object_component>
      <object_component id="oc-45">
         <name>.text</name>
         <load_address>0x26106</load_address>
         <run_address>0x26106</run_address>
         <size>0x1d3</size>
         <input_file_ref idref="fl-14"/>
      </object_component>
      <object_component id="oc-165">
         <name>.text</name>
         <load_address>0x262d9</load_address>
         <run_address>0x262d9</run_address>
         <size>0x1d1</size>
         <input_file_ref idref="fl-56"/>
      </object_component>
      <object_component id="oc-121">
         <name>.text</name>
         <load_address>0x264aa</load_address>
         <run_address>0x264aa</run_address>
         <size>0x163</size>
         <input_file_ref idref="fl-46"/>
      </object_component>
      <object_component id="oc-96">
         <name>.text</name>
         <load_address>0x2660d</load_address>
         <run_address>0x2660d</run_address>
         <size>0x161</size>
         <input_file_ref idref="fl-27"/>
      </object_component>
      <object_component id="oc-b3">
         <name>.text</name>
         <load_address>0x2676e</load_address>
         <run_address>0x2676e</run_address>
         <size>0x14c</size>
         <input_file_ref idref="fl-2d"/>
      </object_component>
      <object_component id="oc-92">
         <name>.text</name>
         <load_address>0x268ba</load_address>
         <run_address>0x268ba</run_address>
         <size>0x10f</size>
         <input_file_ref idref="fl-26"/>
      </object_component>
      <object_component id="oc-1e">
         <name>.text</name>
         <load_address>0x269c9</load_address>
         <run_address>0x269c9</run_address>
         <size>0xf6</size>
         <input_file_ref idref="fl-4"/>
      </object_component>
      <object_component id="oc-14f">
         <name>.text</name>
         <load_address>0x26abf</load_address>
         <run_address>0x26abf</run_address>
         <size>0xe6</size>
         <input_file_ref idref="fl-51"/>
      </object_component>
      <object_component id="oc-ef">
         <name>.text</name>
         <load_address>0x26ba5</load_address>
         <run_address>0x26ba5</run_address>
         <size>0xdd</size>
         <input_file_ref idref="fl-3a"/>
      </object_component>
      <object_component id="oc-41">
         <name>.text</name>
         <load_address>0x26c82</load_address>
         <run_address>0x26c82</run_address>
         <size>0xd6</size>
         <input_file_ref idref="fl-13"/>
      </object_component>
      <object_component id="oc-73">
         <name>.text</name>
         <load_address>0x26d58</load_address>
         <run_address>0x26d58</run_address>
         <size>0xc2</size>
         <input_file_ref idref="fl-1f"/>
      </object_component>
      <object_component id="oc-13e">
         <name>.text</name>
         <load_address>0x26e1a</load_address>
         <run_address>0x26e1a</run_address>
         <size>0xbf</size>
         <input_file_ref idref="fl-4d"/>
      </object_component>
      <object_component id="oc-d7">
         <name>.text:CIO_breakpoint</name>
         <load_address>0x26ed9</load_address>
         <run_address>0x26ed9</run_address>
         <size>0xba</size>
         <input_file_ref idref="fl-34"/>
      </object_component>
      <object_component id="oc-eb">
         <name>.text</name>
         <load_address>0x26f93</load_address>
         <run_address>0x26f93</run_address>
         <size>0xae</size>
         <input_file_ref idref="fl-39"/>
      </object_component>
      <object_component id="oc-11d">
         <name>.text</name>
         <load_address>0x27041</load_address>
         <run_address>0x27041</run_address>
         <size>0xa6</size>
         <input_file_ref idref="fl-45"/>
      </object_component>
      <object_component id="oc-64">
         <name>.text</name>
         <load_address>0x270e7</load_address>
         <run_address>0x270e7</run_address>
         <size>0xa1</size>
         <input_file_ref idref="fl-1c"/>
      </object_component>
      <object_component id="oc-119">
         <name>.text</name>
         <load_address>0x27188</load_address>
         <run_address>0x27188</run_address>
         <size>0x9b</size>
         <input_file_ref idref="fl-44"/>
      </object_component>
      <object_component id="oc-e3">
         <name>.text</name>
         <load_address>0x27223</load_address>
         <run_address>0x27223</run_address>
         <size>0x9a</size>
         <input_file_ref idref="fl-37"/>
      </object_component>
      <object_component id="oc-4f">
         <name>.text</name>
         <load_address>0x272bd</load_address>
         <run_address>0x272bd</run_address>
         <size>0x8d</size>
         <input_file_ref idref="fl-17"/>
      </object_component>
      <object_component id="oc-136">
         <name>.text</name>
         <load_address>0x2734a</load_address>
         <run_address>0x2734a</run_address>
         <size>0x7d</size>
         <input_file_ref idref="fl-4b"/>
      </object_component>
      <object_component id="oc-6f">
         <name>.text</name>
         <load_address>0x273c7</load_address>
         <run_address>0x273c7</run_address>
         <size>0x7b</size>
         <input_file_ref idref="fl-1e"/>
      </object_component>
      <object_component id="oc-126">
         <name>.text</name>
         <load_address>0x27442</load_address>
         <run_address>0x27442</run_address>
         <size>0x76</size>
         <input_file_ref idref="fl-47"/>
      </object_component>
      <object_component id="oc-8e">
         <name>.text</name>
         <load_address>0x274b8</load_address>
         <run_address>0x274b8</run_address>
         <size>0x73</size>
         <input_file_ref idref="fl-25"/>
      </object_component>
      <object_component id="oc-14b">
         <name>.text</name>
         <load_address>0x2752b</load_address>
         <run_address>0x2752b</run_address>
         <size>0x72</size>
         <input_file_ref idref="fl-50"/>
      </object_component>
      <object_component id="oc-7b">
         <name>.text</name>
         <load_address>0x2759d</load_address>
         <run_address>0x2759d</run_address>
         <size>0x6f</size>
         <input_file_ref idref="fl-21"/>
      </object_component>
      <object_component id="oc-d4">
         <name>.text</name>
         <load_address>0x2760c</load_address>
         <run_address>0x2760c</run_address>
         <size>0x6d</size>
         <input_file_ref idref="fl-34"/>
      </object_component>
      <object_component id="oc-12a">
         <name>.text</name>
         <load_address>0x27679</load_address>
         <run_address>0x27679</run_address>
         <size>0x6b</size>
         <input_file_ref idref="fl-48"/>
      </object_component>
      <object_component id="oc-83">
         <name>.text</name>
         <load_address>0x276e4</load_address>
         <run_address>0x276e4</run_address>
         <size>0x67</size>
         <input_file_ref idref="fl-23"/>
      </object_component>
      <object_component id="oc-3c">
         <name>.text</name>
         <load_address>0x2774b</load_address>
         <run_address>0x2774b</run_address>
         <size>0x66</size>
         <input_file_ref idref="fl-8"/>
      </object_component>
      <object_component id="oc-49">
         <name>.text</name>
         <load_address>0x277b1</load_address>
         <run_address>0x277b1</run_address>
         <size>0x63</size>
         <input_file_ref idref="fl-15"/>
      </object_component>
      <object_component id="oc-bf">
         <name>.text</name>
         <load_address>0x27814</load_address>
         <run_address>0x27814</run_address>
         <size>0x5f</size>
         <input_file_ref idref="fl-30"/>
      </object_component>
      <object_component id="oc-107">
         <name>.text</name>
         <load_address>0x27873</load_address>
         <run_address>0x27873</run_address>
         <size>0x5c</size>
         <input_file_ref idref="fl-3f"/>
      </object_component>
      <object_component id="oc-53">
         <name>.text</name>
         <load_address>0x278cf</load_address>
         <run_address>0x278cf</run_address>
         <size>0x54</size>
         <input_file_ref idref="fl-18"/>
      </object_component>
      <object_component id="oc-b7">
         <name>.text</name>
         <load_address>0x27923</load_address>
         <run_address>0x27923</run_address>
         <size>0x50</size>
         <input_file_ref idref="fl-2e"/>
      </object_component>
      <object_component id="oc-10b">
         <name>.text</name>
         <load_address>0x27973</load_address>
         <run_address>0x27973</run_address>
         <size>0x4d</size>
         <input_file_ref idref="fl-40"/>
      </object_component>
      <object_component id="oc-103">
         <name>.text</name>
         <load_address>0x279c0</load_address>
         <run_address>0x279c0</run_address>
         <size>0x4b</size>
         <input_file_ref idref="fl-3e"/>
      </object_component>
      <object_component id="oc-147">
         <name>.text</name>
         <load_address>0x27a0b</load_address>
         <run_address>0x27a0b</run_address>
         <size>0x4b</size>
         <input_file_ref idref="fl-4f"/>
      </object_component>
      <object_component id="oc-16d">
         <name>.text</name>
         <load_address>0x27a56</load_address>
         <run_address>0x27a56</run_address>
         <size>0x48</size>
         <input_file_ref idref="fl-58"/>
      </object_component>
      <object_component id="oc-da">
         <name>.text</name>
         <load_address>0x27a9e</load_address>
         <run_address>0x27a9e</run_address>
         <size>0x41</size>
         <input_file_ref idref="fl-35"/>
      </object_component>
      <object_component id="oc-a8">
         <name>.text</name>
         <load_address>0x27adf</load_address>
         <run_address>0x27adf</run_address>
         <size>0x3f</size>
         <input_file_ref idref="fl-2b"/>
      </object_component>
      <object_component id="oc-68">
         <name>.text</name>
         <load_address>0x27b1e</load_address>
         <run_address>0x27b1e</run_address>
         <size>0x3e</size>
         <input_file_ref idref="fl-1d"/>
      </object_component>
      <object_component id="oc-175">
         <name>.text</name>
         <load_address>0x27b5c</load_address>
         <run_address>0x27b5c</run_address>
         <size>0x3c</size>
         <input_file_ref idref="fl-5a"/>
      </object_component>
      <object_component id="oc-12">
         <name>.text</name>
         <load_address>0x27b98</load_address>
         <run_address>0x27b98</run_address>
         <size>0x34</size>
         <input_file_ref idref="fl-1a"/>
      </object_component>
      <object_component id="oc-77">
         <name>.text</name>
         <load_address>0x27bcc</load_address>
         <run_address>0x27bcc</run_address>
         <size>0x2a</size>
         <input_file_ref idref="fl-20"/>
      </object_component>
      <object_component id="oc-df">
         <name>.text</name>
         <load_address>0x27bf6</load_address>
         <run_address>0x27bf6</run_address>
         <size>0x2a</size>
         <input_file_ref idref="fl-36"/>
      </object_component>
      <object_component id="oc-13a">
         <name>.text</name>
         <load_address>0x27c20</load_address>
         <run_address>0x27c20</run_address>
         <size>0x23</size>
         <input_file_ref idref="fl-4c"/>
      </object_component>
      <object_component id="oc-12e">
         <name>.text</name>
         <load_address>0x27c43</load_address>
         <run_address>0x27c43</run_address>
         <size>0x1a</size>
         <input_file_ref idref="fl-49"/>
      </object_component>
      <object_component id="oc-cb">
         <name>.text</name>
         <load_address>0x27c5d</load_address>
         <run_address>0x27c5d</run_address>
         <size>0x14</size>
         <input_file_ref idref="fl-32"/>
      </object_component>
      <object_component id="oc-9e">
         <name>.text</name>
         <load_address>0x27c71</load_address>
         <run_address>0x27c71</run_address>
         <size>0x13</size>
         <input_file_ref idref="fl-29"/>
      </object_component>
      <object_component id="oc-f3">
         <name>.text</name>
         <load_address>0x27c84</load_address>
         <run_address>0x27c84</run_address>
         <size>0x12</size>
         <input_file_ref idref="fl-3b"/>
      </object_component>
      <object_component id="oc-143">
         <name>.text</name>
         <load_address>0x27c96</load_address>
         <run_address>0x27c96</run_address>
         <size>0x10</size>
         <input_file_ref idref="fl-4e"/>
      </object_component>
      <object_component id="oc-7f">
         <name>.text</name>
         <load_address>0x27ca6</load_address>
         <run_address>0x27ca6</run_address>
         <size>0xc</size>
         <input_file_ref idref="fl-22"/>
      </object_component>
      <object_component id="oc-bb">
         <name>.text</name>
         <load_address>0x27cb2</load_address>
         <run_address>0x27cb2</run_address>
         <size>0xa</size>
         <input_file_ref idref="fl-2f"/>
      </object_component>
      <object_component id="oc-6c">
         <name>.text:CIO_breakpoint</name>
         <load_address>0x27cbc</load_address>
         <run_address>0x27cbc</run_address>
         <size>0x7</size>
         <input_file_ref idref="fl-1d"/>
      </object_component>
      <object_component id="oc-e7">
         <name>.text</name>
         <load_address>0x27cc3</load_address>
         <run_address>0x27cc3</run_address>
         <size>0x2</size>
         <input_file_ref idref="fl-38"/>
      </object_component>
      <object_component id="oc-5c">
         <name>.stack</name>
         <uninitialized>true</uninitialized>
         <run_address>0xc0</run_address>
         <size>0x0</size>
         <input_file_ref idref="fl-1a"/>
      </object_component>
      <object_component id="oc-19b">
         <name>.stack</name>
         <uninitialized>true</uninitialized>
         <run_address>0xc0</run_address>
         <size>0x0</size>
      </object_component>
      <object_component id="oc-179">
         <name>.sysstack</name>
         <uninitialized>true</uninitialized>
         <run_address>0x20c0</run_address>
         <size>0x0</size>
         <input_file_ref idref="fl-1a"/>
      </object_component>
      <object_component id="oc-19d">
         <name>.sysstack</name>
         <uninitialized>true</uninitialized>
         <run_address>0x20c0</run_address>
         <size>0x0</size>
      </object_component>
      <object_component id="oc-27">
         <name>.bss</name>
         <uninitialized>true</uninitialized>
         <run_address>0x30c0</run_address>
         <size>0x1000</size>
         <input_file_ref idref="fl-5"/>
      </object_component>
      <object_component id="oc-35">
         <name>.bss</name>
         <uninitialized>true</uninitialized>
         <run_address>0x40c0</run_address>
         <size>0x858</size>
         <input_file_ref idref="fl-7"/>
      </object_component>
      <object_component id="oc-2e">
         <name>.bss</name>
         <uninitialized>true</uninitialized>
         <run_address>0x4918</run_address>
         <size>0x800</size>
         <input_file_ref idref="fl-6"/>
      </object_component>
      <object_component id="oc-115">
         <name>.bss</name>
         <uninitialized>true</uninitialized>
         <run_address>0x5118</run_address>
         <size>0x232</size>
         <input_file_ref idref="fl-43"/>
      </object_component>
      <object_component id="oc-d0">
         <name>.bss</name>
         <uninitialized>true</uninitialized>
         <run_address>0x534a</run_address>
         <size>0x1a0</size>
         <input_file_ref idref="fl-33"/>
      </object_component>
      <object_component id="oc-171">
         <name>.bss</name>
         <uninitialized>true</uninitialized>
         <run_address>0x54ea</run_address>
         <size>0x2</size>
         <input_file_ref idref="fl-59"/>
      </object_component>
      <object_component id="oc-a3">
         <name>.bss</name>
         <uninitialized>true</uninitialized>
         <run_address>0x54ec</run_address>
         <size>0xe2</size>
         <input_file_ref idref="fl-2a"/>
      </object_component>
      <object_component id="oc-89">
         <name>.bss</name>
         <uninitialized>true</uninitialized>
         <run_address>0x55ce</run_address>
         <size>0x2</size>
         <input_file_ref idref="fl-24"/>
      </object_component>
      <object_component id="oc-c5">
         <name>.bss</name>
         <uninitialized>true</uninitialized>
         <run_address>0x55d0</run_address>
         <size>0x10</size>
         <input_file_ref idref="fl-31"/>
      </object_component>
      <object_component id="oc-ad">
         <name>.bss</name>
         <uninitialized>true</uninitialized>
         <run_address>0x55e0</run_address>
         <size>0xc</size>
         <input_file_ref idref="fl-2c"/>
      </object_component>
      <object_component id="oc-17">
         <name>.bss</name>
         <uninitialized>true</uninitialized>
         <run_address>0x55ec</run_address>
         <size>0xa</size>
         <input_file_ref idref="fl-3"/>
      </object_component>
      <object_component id="oc-1f">
         <name>.bss</name>
         <uninitialized>true</uninitialized>
         <run_address>0x55f8</run_address>
         <size>0x8</size>
         <input_file_ref idref="fl-4"/>
      </object_component>
      <object_component id="oc-f4">
         <name>.bss</name>
         <uninitialized>true</uninitialized>
         <run_address>0x5600</run_address>
         <size>0x8</size>
         <input_file_ref idref="fl-3b"/>
      </object_component>
      <object_component id="oc-69">
         <name>.bss</name>
         <uninitialized>true</uninitialized>
         <run_address>0x5608</run_address>
         <size>0x8</size>
         <input_file_ref idref="fl-1d"/>
      </object_component>
      <object_component id="oc-17b">
         <name>.const:__ctypes_</name>
         <load_address>0x7700</load_address>
         <run_address>0x7700</run_address>
         <size>0x202</size>
         <input_file_ref idref="fl-42"/>
      </object_component>
      <object_component id="oc-38">
         <name>.const:.string</name>
         <load_address>0x7904</load_address>
         <run_address>0x7904</run_address>
         <size>0x1ee</size>
         <input_file_ref idref="fl-7"/>
      </object_component>
      <object_component id="oc-22">
         <name>.const:.string</name>
         <load_address>0x7af4</load_address>
         <run_address>0x7af4</run_address>
         <size>0xee</size>
         <input_file_ref idref="fl-4"/>
      </object_component>
      <object_component id="oc-1a">
         <name>.const:.string</name>
         <load_address>0x7be4</load_address>
         <run_address>0x7be4</run_address>
         <size>0x74</size>
         <input_file_ref idref="fl-3"/>
      </object_component>
      <object_component id="oc-30">
         <name>.const:.string</name>
         <load_address>0x7c58</load_address>
         <run_address>0x7c58</run_address>
         <size>0x72</size>
         <input_file_ref idref="fl-6"/>
      </object_component>
      <object_component id="oc-fc">
         <name>.const:.string</name>
         <load_address>0x7ccc</load_address>
         <run_address>0x7ccc</run_address>
         <size>0x48</size>
         <input_file_ref idref="fl-3c"/>
      </object_component>
      <object_component id="oc-17e">
         <name>.const:_digits</name>
         <load_address>0x7d14</load_address>
         <run_address>0x7d14</run_address>
         <size>0x28</size>
         <input_file_ref idref="fl-52"/>
      </object_component>
      <object_component id="oc-180">
         <name>.const:_digits</name>
         <load_address>0x7d3c</load_address>
         <run_address>0x7d3c</run_address>
         <size>0x28</size>
         <input_file_ref idref="fl-54"/>
      </object_component>
      <object_component id="oc-c8">
         <name>.const</name>
         <load_address>0x7d64</load_address>
         <run_address>0x7d64</run_address>
         <size>0x28</size>
         <input_file_ref idref="fl-31"/>
      </object_component>
      <object_component id="oc-29">
         <name>.const</name>
         <load_address>0x7d8c</load_address>
         <run_address>0x7d8c</run_address>
         <size>0x1c</size>
         <input_file_ref idref="fl-5"/>
      </object_component>
      <object_component id="oc-17f">
         <name>.const:_powerof10</name>
         <load_address>0x7da8</load_address>
         <run_address>0x7da8</run_address>
         <size>0x18</size>
         <input_file_ref idref="fl-52"/>
      </object_component>
      <object_component id="oc-181">
         <name>.const:_powerof10</name>
         <load_address>0x7dc0</load_address>
         <run_address>0x7dc0</run_address>
         <size>0x18</size>
         <input_file_ref idref="fl-54"/>
      </object_component>
      <object_component id="oc-fb">
         <name>.const</name>
         <load_address>0x7dd8</load_address>
         <run_address>0x7dd8</run_address>
         <size>0x18</size>
         <input_file_ref idref="fl-3c"/>
      </object_component>
      <object_component id="oc-17a">
         <name>.const:_initial_approx$1</name>
         <load_address>0x7df0</load_address>
         <run_address>0x7df0</run_address>
         <size>0x10</size>
         <input_file_ref idref="fl-1b"/>
      </object_component>
      <object_component id="oc-4a">
         <name>.const</name>
         <load_address>0x7e00</load_address>
         <run_address>0x7e00</run_address>
         <size>0x20</size>
         <input_file_ref idref="fl-15"/>
      </object_component>
      <object_component id="oc-c1">
         <name>.const</name>
         <load_address>0x7e20</load_address>
         <run_address>0x7e20</run_address>
         <size>0x10</size>
         <input_file_ref idref="fl-30"/>
      </object_component>
      <object_component id="oc-155">
         <name>.const</name>
         <load_address>0x7e30</load_address>
         <run_address>0x7e30</run_address>
         <size>0x10</size>
         <input_file_ref idref="fl-52"/>
      </object_component>
      <object_component id="oc-15e">
         <name>.const</name>
         <load_address>0x7e40</load_address>
         <run_address>0x7e40</run_address>
         <size>0x10</size>
         <input_file_ref idref="fl-54"/>
      </object_component>
      <object_component id="oc-17c">
         <name>.const:_flit$1</name>
         <load_address>0x7e50</load_address>
         <run_address>0x7e50</run_address>
         <size>0xe</size>
         <input_file_ref idref="fl-3d"/>
      </object_component>
      <object_component id="oc-17d">
         <name>.const:_barr$2</name>
         <load_address>0x7e5e</load_address>
         <run_address>0x7e5e</run_address>
         <size>0xc</size>
         <input_file_ref idref="fl-3d"/>
      </object_component>
      <object_component id="oc-140">
         <name>.const</name>
         <load_address>0x7e6c</load_address>
         <run_address>0x7e6c</run_address>
         <size>0xc</size>
         <input_file_ref idref="fl-4d"/>
      </object_component>
      <object_component id="oc-dc">
         <name>.const</name>
         <load_address>0x7e78</load_address>
         <run_address>0x7e78</run_address>
         <size>0x8</size>
         <input_file_ref idref="fl-35"/>
      </object_component>
      <object_component id="oc-123">
         <name>.const:.string</name>
         <load_address>0x7e80</load_address>
         <run_address>0x7e80</run_address>
         <size>0x4</size>
         <input_file_ref idref="fl-46"/>
      </object_component>
      <object_component id="oc-85">
         <name>.const</name>
         <load_address>0x7e84</load_address>
         <run_address>0x7e84</run_address>
         <size>0x4</size>
         <input_file_ref idref="fl-23"/>
      </object_component>
      <object_component id="oc-b0">
         <name>.sysmem</name>
         <uninitialized>true</uninitialized>
         <run_address>0x5610</run_address>
         <size>0x0</size>
         <input_file_ref idref="fl-2c"/>
      </object_component>
      <object_component id="oc-19c">
         <name>.sysmem</name>
         <uninitialized>true</uninitialized>
         <run_address>0x5610</run_address>
         <size>0x0</size>
      </object_component>
      <object_component id="oc-a5">
         <name>.cinit</name>
         <load_address>0x40240</load_address>
         <run_address>0x40240</run_address>
         <size>0x5a</size>
         <input_file_ref idref="fl-2a"/>
      </object_component>
      <object_component id="oc-117">
         <name>.cinit</name>
         <load_address>0x4029a</load_address>
         <run_address>0x4029a</run_address>
         <size>0x54</size>
         <input_file_ref idref="fl-43"/>
      </object_component>
      <object_component id="oc-37">
         <name>.cinit</name>
         <load_address>0x402ee</load_address>
         <run_address>0x402ee</run_address>
         <size>0x1a</size>
         <input_file_ref idref="fl-7"/>
      </object_component>
      <object_component id="oc-c7">
         <name>.cinit</name>
         <load_address>0x40308</load_address>
         <run_address>0x40308</run_address>
         <size>0x16</size>
         <input_file_ref idref="fl-31"/>
      </object_component>
      <object_component id="oc-21">
         <name>.cinit</name>
         <load_address>0x4031e</load_address>
         <run_address>0x4031e</run_address>
         <size>0x14</size>
         <input_file_ref idref="fl-4"/>
      </object_component>
      <object_component id="oc-f6">
         <name>.cinit</name>
         <load_address>0x40332</load_address>
         <run_address>0x40332</run_address>
         <size>0x14</size>
         <input_file_ref idref="fl-3b"/>
      </object_component>
      <object_component id="oc-6b">
         <name>.cinit</name>
         <load_address>0x40346</load_address>
         <run_address>0x40346</run_address>
         <size>0x14</size>
         <input_file_ref idref="fl-1d"/>
      </object_component>
      <object_component id="oc-19">
         <name>.cinit</name>
         <load_address>0x4035a</load_address>
         <run_address>0x4035a</run_address>
         <size>0x8</size>
         <input_file_ref idref="fl-3"/>
      </object_component>
      <object_component id="oc-173">
         <name>.cinit</name>
         <load_address>0x40362</load_address>
         <run_address>0x40362</run_address>
         <size>0x8</size>
         <input_file_ref idref="fl-59"/>
      </object_component>
      <object_component id="oc-8b">
         <name>.cinit</name>
         <load_address>0x4036a</load_address>
         <run_address>0x4036a</run_address>
         <size>0x8</size>
         <input_file_ref idref="fl-24"/>
      </object_component>
      <object_component id="oc-af">
         <name>.cinit</name>
         <load_address>0x40372</load_address>
         <run_address>0x40372</run_address>
         <size>0x8</size>
         <input_file_ref idref="fl-2c"/>
      </object_component>
      <object_component id="oc-d6">
         <name>.cio</name>
         <uninitialized>true</uninitialized>
         <run_address>0x40000</run_address>
         <size>0x240</size>
         <input_file_ref idref="fl-34"/>
      </object_component>
      <object_component id="oc-4e">
         <name>.const:twiddle</name>
         <load_address>0x8000</load_address>
         <run_address>0x8000</run_address>
         <size>0x800</size>
         <input_file_ref idref="fl-16"/>
      </object_component>
      <object_component id="oc-13">
         <name>vectors</name>
         <load_address>0x4fe00</load_address>
         <run_address>0x4fe00</run_address>
         <size>0x100</size>
         <input_file_ref idref="fl-38"/>
      </object_component>
      <object_component id="oc-14">
         <name>.debug_info</name>
         <load_address>0x0</load_address>
         <run_address>0x0</run_address>
         <size>0x771</size>
         <input_file_ref idref="fl-2"/>
      </object_component>
      <object_component id="oc-18">
         <name>.debug_info</name>
         <load_address>0x771</load_address>
         <run_address>0x771</run_address>
         <size>0x1429</size>
         <input_file_ref idref="fl-3"/>
      </object_component>
      <object_component id="oc-20">
         <name>.debug_info</name>
         <load_address>0x1b9a</load_address>
         <run_address>0x1b9a</run_address>
         <size>0x96a</size>
         <input_file_ref idref="fl-4"/>
      </object_component>
      <object_component id="oc-28">
         <name>.debug_info</name>
         <load_address>0x2504</load_address>
         <run_address>0x2504</run_address>
         <size>0x10a9</size>
         <input_file_ref idref="fl-5"/>
      </object_component>
      <object_component id="oc-2f">
         <name>.debug_info</name>
         <load_address>0x35ad</load_address>
         <run_address>0x35ad</run_address>
         <size>0xf4b</size>
         <input_file_ref idref="fl-6"/>
      </object_component>
      <object_component id="oc-36">
         <name>.debug_info</name>
         <load_address>0x44f8</load_address>
         <run_address>0x44f8</run_address>
         <size>0xf92</size>
         <input_file_ref idref="fl-7"/>
      </object_component>
      <object_component id="oc-3d">
         <name>.debug_info</name>
         <load_address>0x548a</load_address>
         <run_address>0x548a</run_address>
         <size>0x60b</size>
         <input_file_ref idref="fl-8"/>
      </object_component>
      <object_component id="oc-42">
         <name>.debug_info</name>
         <load_address>0x5a95</load_address>
         <run_address>0x5a95</run_address>
         <size>0xcf</size>
         <input_file_ref idref="fl-13"/>
      </object_component>
      <object_component id="oc-46">
         <name>.debug_info</name>
         <load_address>0x5b64</load_address>
         <run_address>0x5b64</run_address>
         <size>0xda</size>
         <input_file_ref idref="fl-14"/>
      </object_component>
      <object_component id="oc-4b">
         <name>.debug_info</name>
         <load_address>0x5c3e</load_address>
         <run_address>0x5c3e</run_address>
         <size>0xd0</size>
         <input_file_ref idref="fl-15"/>
      </object_component>
      <object_component id="oc-50">
         <name>.debug_info</name>
         <load_address>0x5d0e</load_address>
         <run_address>0x5d0e</run_address>
         <size>0xd1</size>
         <input_file_ref idref="fl-17"/>
      </object_component>
      <object_component id="oc-54">
         <name>.debug_info</name>
         <load_address>0x5ddf</load_address>
         <run_address>0x5ddf</run_address>
         <size>0x5896</size>
         <input_file_ref idref="fl-18"/>
      </object_component>
      <object_component id="oc-59">
         <name>.debug_info</name>
         <load_address>0xb675</load_address>
         <run_address>0xb675</run_address>
         <size>0x5ab</size>
         <input_file_ref idref="fl-19"/>
      </object_component>
      <object_component id="oc-5d">
         <name>.debug_info</name>
         <load_address>0xbc20</load_address>
         <run_address>0xbc20</run_address>
         <size>0xe8</size>
         <input_file_ref idref="fl-1a"/>
      </object_component>
      <object_component id="oc-61">
         <name>.debug_info</name>
         <load_address>0xbd08</load_address>
         <run_address>0xbd08</run_address>
         <size>0x7e8</size>
         <input_file_ref idref="fl-1b"/>
      </object_component>
      <object_component id="oc-65">
         <name>.debug_info</name>
         <load_address>0xc4f0</load_address>
         <run_address>0xc4f0</run_address>
         <size>0x534</size>
         <input_file_ref idref="fl-1c"/>
      </object_component>
      <object_component id="oc-6a">
         <name>.debug_info</name>
         <load_address>0xca24</load_address>
         <run_address>0xca24</run_address>
         <size>0x5fb</size>
         <input_file_ref idref="fl-1d"/>
      </object_component>
      <object_component id="oc-70">
         <name>.debug_info</name>
         <load_address>0xd01f</load_address>
         <run_address>0xd01f</run_address>
         <size>0x64f</size>
         <input_file_ref idref="fl-1e"/>
      </object_component>
      <object_component id="oc-74">
         <name>.debug_info</name>
         <load_address>0xd66e</load_address>
         <run_address>0xd66e</run_address>
         <size>0x706</size>
         <input_file_ref idref="fl-1f"/>
      </object_component>
      <object_component id="oc-78">
         <name>.debug_info</name>
         <load_address>0xdd74</load_address>
         <run_address>0xdd74</run_address>
         <size>0x4cf</size>
         <input_file_ref idref="fl-20"/>
      </object_component>
      <object_component id="oc-7c">
         <name>.debug_info</name>
         <load_address>0xe243</load_address>
         <run_address>0xe243</run_address>
         <size>0x534</size>
         <input_file_ref idref="fl-21"/>
      </object_component>
      <object_component id="oc-80">
         <name>.debug_info</name>
         <load_address>0xe777</load_address>
         <run_address>0xe777</run_address>
         <size>0x4cf</size>
         <input_file_ref idref="fl-22"/>
      </object_component>
      <object_component id="oc-84">
         <name>.debug_info</name>
         <load_address>0xec46</load_address>
         <run_address>0xec46</run_address>
         <size>0x549</size>
         <input_file_ref idref="fl-23"/>
      </object_component>
      <object_component id="oc-8a">
         <name>.debug_info</name>
         <load_address>0xf18f</load_address>
         <run_address>0xf18f</run_address>
         <size>0xa1c</size>
         <input_file_ref idref="fl-24"/>
      </object_component>
      <object_component id="oc-8f">
         <name>.debug_info</name>
         <load_address>0xfbab</load_address>
         <run_address>0xfbab</run_address>
         <size>0x53e</size>
         <input_file_ref idref="fl-25"/>
      </object_component>
      <object_component id="oc-93">
         <name>.debug_info</name>
         <load_address>0x100e9</load_address>
         <run_address>0x100e9</run_address>
         <size>0x762</size>
         <input_file_ref idref="fl-26"/>
      </object_component>
      <object_component id="oc-97">
         <name>.debug_info</name>
         <load_address>0x1084b</load_address>
         <run_address>0x1084b</run_address>
         <size>0xa2d</size>
         <input_file_ref idref="fl-27"/>
      </object_component>
      <object_component id="oc-9b">
         <name>.debug_info</name>
         <load_address>0x11278</load_address>
         <run_address>0x11278</run_address>
         <size>0x8f7</size>
         <input_file_ref idref="fl-28"/>
      </object_component>
      <object_component id="oc-9f">
         <name>.debug_info</name>
         <load_address>0x11b6f</load_address>
         <run_address>0x11b6f</run_address>
         <size>0xbd</size>
         <input_file_ref idref="fl-29"/>
      </object_component>
      <object_component id="oc-a4">
         <name>.debug_info</name>
         <load_address>0x11c2c</load_address>
         <run_address>0x11c2c</run_address>
         <size>0x144b</size>
         <input_file_ref idref="fl-2a"/>
      </object_component>
      <object_component id="oc-a9">
         <name>.debug_info</name>
         <load_address>0x13077</load_address>
         <run_address>0x13077</run_address>
         <size>0xd1</size>
         <input_file_ref idref="fl-2b"/>
      </object_component>
      <object_component id="oc-ae">
         <name>.debug_info</name>
         <load_address>0x13148</load_address>
         <run_address>0x13148</run_address>
         <size>0xb97</size>
         <input_file_ref idref="fl-2c"/>
      </object_component>
      <object_component id="oc-b4">
         <name>.debug_info</name>
         <load_address>0x13cdf</load_address>
         <run_address>0x13cdf</run_address>
         <size>0x55b</size>
         <input_file_ref idref="fl-2d"/>
      </object_component>
      <object_component id="oc-b8">
         <name>.debug_info</name>
         <load_address>0x1423a</load_address>
         <run_address>0x1423a</run_address>
         <size>0x76c</size>
         <input_file_ref idref="fl-2e"/>
      </object_component>
      <object_component id="oc-bc">
         <name>.debug_info</name>
         <load_address>0x149a6</load_address>
         <run_address>0x149a6</run_address>
         <size>0x510</size>
         <input_file_ref idref="fl-2f"/>
      </object_component>
      <object_component id="oc-c0">
         <name>.debug_info</name>
         <load_address>0x14eb6</load_address>
         <run_address>0x14eb6</run_address>
         <size>0x52e</size>
         <input_file_ref idref="fl-30"/>
      </object_component>
      <object_component id="oc-c6">
         <name>.debug_info</name>
         <load_address>0x153e4</load_address>
         <run_address>0x153e4</run_address>
         <size>0x6ef</size>
         <input_file_ref idref="fl-31"/>
      </object_component>
      <object_component id="oc-cc">
         <name>.debug_info</name>
         <load_address>0x15ad3</load_address>
         <run_address>0x15ad3</run_address>
         <size>0x4de</size>
         <input_file_ref idref="fl-32"/>
      </object_component>
      <object_component id="oc-d1">
         <name>.debug_info</name>
         <load_address>0x15fb1</load_address>
         <run_address>0x15fb1</run_address>
         <size>0xed4</size>
         <input_file_ref idref="fl-33"/>
      </object_component>
      <object_component id="oc-d5">
         <name>.debug_info</name>
         <load_address>0x16e85</load_address>
         <run_address>0x16e85</run_address>
         <size>0x744</size>
         <input_file_ref idref="fl-34"/>
      </object_component>
      <object_component id="oc-db">
         <name>.debug_info</name>
         <load_address>0x175c9</load_address>
         <run_address>0x175c9</run_address>
         <size>0x521</size>
         <input_file_ref idref="fl-35"/>
      </object_component>
      <object_component id="oc-e0">
         <name>.debug_info</name>
         <load_address>0x17aea</load_address>
         <run_address>0x17aea</run_address>
         <size>0xef</size>
         <input_file_ref idref="fl-36"/>
      </object_component>
      <object_component id="oc-e4">
         <name>.debug_info</name>
         <load_address>0x17bd9</load_address>
         <run_address>0x17bd9</run_address>
         <size>0x5c9</size>
         <input_file_ref idref="fl-37"/>
      </object_component>
      <object_component id="oc-e8">
         <name>.debug_info</name>
         <load_address>0x181a2</load_address>
         <run_address>0x181a2</run_address>
         <size>0xbc</size>
         <input_file_ref idref="fl-38"/>
      </object_component>
      <object_component id="oc-ec">
         <name>.debug_info</name>
         <load_address>0x1825e</load_address>
         <run_address>0x1825e</run_address>
         <size>0x6b8</size>
         <input_file_ref idref="fl-39"/>
      </object_component>
      <object_component id="oc-f0">
         <name>.debug_info</name>
         <load_address>0x18916</load_address>
         <run_address>0x18916</run_address>
         <size>0x662</size>
         <input_file_ref idref="fl-3a"/>
      </object_component>
      <object_component id="oc-f5">
         <name>.debug_info</name>
         <load_address>0x18f78</load_address>
         <run_address>0x18f78</run_address>
         <size>0x5bc</size>
         <input_file_ref idref="fl-3b"/>
      </object_component>
      <object_component id="oc-fa">
         <name>.debug_info</name>
         <load_address>0x19534</load_address>
         <run_address>0x19534</run_address>
         <size>0x27bd</size>
         <input_file_ref idref="fl-3c"/>
      </object_component>
      <object_component id="oc-100">
         <name>.debug_info</name>
         <load_address>0x1bcf1</load_address>
         <run_address>0x1bcf1</run_address>
         <size>0x1964</size>
         <input_file_ref idref="fl-3d"/>
      </object_component>
      <object_component id="oc-104">
         <name>.debug_info</name>
         <load_address>0x1d655</load_address>
         <run_address>0x1d655</run_address>
         <size>0x586</size>
         <input_file_ref idref="fl-3e"/>
      </object_component>
      <object_component id="oc-108">
         <name>.debug_info</name>
         <load_address>0x1dbdb</load_address>
         <run_address>0x1dbdb</run_address>
         <size>0x5a4</size>
         <input_file_ref idref="fl-3f"/>
      </object_component>
      <object_component id="oc-10c">
         <name>.debug_info</name>
         <load_address>0x1e17f</load_address>
         <run_address>0x1e17f</run_address>
         <size>0xcd</size>
         <input_file_ref idref="fl-40"/>
      </object_component>
      <object_component id="oc-110">
         <name>.debug_info</name>
         <load_address>0x1e24c</load_address>
         <run_address>0x1e24c</run_address>
         <size>0x81f</size>
         <input_file_ref idref="fl-41"/>
      </object_component>
      <object_component id="oc-113">
         <name>.debug_info</name>
         <load_address>0x1ea6b</load_address>
         <run_address>0x1ea6b</run_address>
         <size>0x498</size>
         <input_file_ref idref="fl-42"/>
      </object_component>
      <object_component id="oc-116">
         <name>.debug_info</name>
         <load_address>0x1ef03</load_address>
         <run_address>0x1ef03</run_address>
         <size>0x57e</size>
         <input_file_ref idref="fl-43"/>
      </object_component>
      <object_component id="oc-11a">
         <name>.debug_info</name>
         <load_address>0x1f481</load_address>
         <run_address>0x1f481</run_address>
         <size>0x670</size>
         <input_file_ref idref="fl-44"/>
      </object_component>
      <object_component id="oc-11e">
         <name>.debug_info</name>
         <load_address>0x1faf1</load_address>
         <run_address>0x1faf1</run_address>
         <size>0x6aa</size>
         <input_file_ref idref="fl-45"/>
      </object_component>
      <object_component id="oc-122">
         <name>.debug_info</name>
         <load_address>0x2019b</load_address>
         <run_address>0x2019b</run_address>
         <size>0x942</size>
         <input_file_ref idref="fl-46"/>
      </object_component>
      <object_component id="oc-127">
         <name>.debug_info</name>
         <load_address>0x20add</load_address>
         <run_address>0x20add</run_address>
         <size>0x4d2</size>
         <input_file_ref idref="fl-47"/>
      </object_component>
      <object_component id="oc-12b">
         <name>.debug_info</name>
         <load_address>0x20faf</load_address>
         <run_address>0x20faf</run_address>
         <size>0x5f7</size>
         <input_file_ref idref="fl-48"/>
      </object_component>
      <object_component id="oc-12f">
         <name>.debug_info</name>
         <load_address>0x215a6</load_address>
         <run_address>0x215a6</run_address>
         <size>0x680</size>
         <input_file_ref idref="fl-49"/>
      </object_component>
      <object_component id="oc-133">
         <name>.debug_info</name>
         <load_address>0x21c26</load_address>
         <run_address>0x21c26</run_address>
         <size>0x7d4</size>
         <input_file_ref idref="fl-4a"/>
      </object_component>
      <object_component id="oc-137">
         <name>.debug_info</name>
         <load_address>0x223fa</load_address>
         <run_address>0x223fa</run_address>
         <size>0x5ad</size>
         <input_file_ref idref="fl-4b"/>
      </object_component>
      <object_component id="oc-13b">
         <name>.debug_info</name>
         <load_address>0x229a7</load_address>
         <run_address>0x229a7</run_address>
         <size>0x574</size>
         <input_file_ref idref="fl-4c"/>
      </object_component>
      <object_component id="oc-13f">
         <name>.debug_info</name>
         <load_address>0x22f1b</load_address>
         <run_address>0x22f1b</run_address>
         <size>0x50c</size>
         <input_file_ref idref="fl-4d"/>
      </object_component>
      <object_component id="oc-144">
         <name>.debug_info</name>
         <load_address>0x23427</load_address>
         <run_address>0x23427</run_address>
         <size>0x4b7</size>
         <input_file_ref idref="fl-4e"/>
      </object_component>
      <object_component id="oc-148">
         <name>.debug_info</name>
         <load_address>0x238de</load_address>
         <run_address>0x238de</run_address>
         <size>0x4f2</size>
         <input_file_ref idref="fl-4f"/>
      </object_component>
      <object_component id="oc-14c">
         <name>.debug_info</name>
         <load_address>0x23dd0</load_address>
         <run_address>0x23dd0</run_address>
         <size>0x534</size>
         <input_file_ref idref="fl-50"/>
      </object_component>
      <object_component id="oc-150">
         <name>.debug_info</name>
         <load_address>0x24304</load_address>
         <run_address>0x24304</run_address>
         <size>0x64a</size>
         <input_file_ref idref="fl-51"/>
      </object_component>
      <object_component id="oc-154">
         <name>.debug_info</name>
         <load_address>0x2494e</load_address>
         <run_address>0x2494e</run_address>
         <size>0x84f</size>
         <input_file_ref idref="fl-52"/>
      </object_component>
      <object_component id="oc-159">
         <name>.debug_info</name>
         <load_address>0x2519d</load_address>
         <run_address>0x2519d</run_address>
         <size>0x671</size>
         <input_file_ref idref="fl-53"/>
      </object_component>
      <object_component id="oc-15d">
         <name>.debug_info</name>
         <load_address>0x2580e</load_address>
         <run_address>0x2580e</run_address>
         <size>0x860</size>
         <input_file_ref idref="fl-54"/>
      </object_component>
      <object_component id="oc-162">
         <name>.debug_info</name>
         <load_address>0x2606e</load_address>
         <run_address>0x2606e</run_address>
         <size>0x67d</size>
         <input_file_ref idref="fl-55"/>
      </object_component>
      <object_component id="oc-166">
         <name>.debug_info</name>
         <load_address>0x266eb</load_address>
         <run_address>0x266eb</run_address>
         <size>0x65a</size>
         <input_file_ref idref="fl-56"/>
      </object_component>
      <object_component id="oc-16a">
         <name>.debug_info</name>
         <load_address>0x26d45</load_address>
         <run_address>0x26d45</run_address>
         <size>0x665</size>
         <input_file_ref idref="fl-57"/>
      </object_component>
      <object_component id="oc-16e">
         <name>.debug_info</name>
         <load_address>0x273aa</load_address>
         <run_address>0x273aa</run_address>
         <size>0x4f2</size>
         <input_file_ref idref="fl-58"/>
      </object_component>
      <object_component id="oc-172">
         <name>.debug_info</name>
         <load_address>0x2789c</load_address>
         <run_address>0x2789c</run_address>
         <size>0x47b</size>
         <input_file_ref idref="fl-59"/>
      </object_component>
      <object_component id="oc-176">
         <name>.debug_info</name>
         <load_address>0x27d17</load_address>
         <run_address>0x27d17</run_address>
         <size>0xeb</size>
         <input_file_ref idref="fl-5a"/>
      </object_component>
      <object_component id="oc-1a9">
         <name>.debug_info</name>
         <load_address>0x27e02</load_address>
         <run_address>0x27e02</run_address>
         <size>0x6e</size>
      </object_component>
      <object_component id="oc-15">
         <name>.debug_abbrev</name>
         <load_address>0x0</load_address>
         <run_address>0x0</run_address>
         <size>0x8c</size>
         <input_file_ref idref="fl-2"/>
      </object_component>
      <object_component id="oc-1d">
         <name>.debug_abbrev</name>
         <load_address>0x8c</load_address>
         <run_address>0x8c</run_address>
         <size>0x16d</size>
         <input_file_ref idref="fl-3"/>
      </object_component>
      <object_component id="oc-25">
         <name>.debug_abbrev</name>
         <load_address>0x1f9</load_address>
         <run_address>0x1f9</run_address>
         <size>0x121</size>
         <input_file_ref idref="fl-4"/>
      </object_component>
      <object_component id="oc-2c">
         <name>.debug_abbrev</name>
         <load_address>0x31a</load_address>
         <run_address>0x31a</run_address>
         <size>0x146</size>
         <input_file_ref idref="fl-5"/>
      </object_component>
      <object_component id="oc-33">
         <name>.debug_abbrev</name>
         <load_address>0x460</load_address>
         <run_address>0x460</run_address>
         <size>0x177</size>
         <input_file_ref idref="fl-6"/>
      </object_component>
      <object_component id="oc-3b">
         <name>.debug_abbrev</name>
         <load_address>0x5d7</load_address>
         <run_address>0x5d7</run_address>
         <size>0x15b</size>
         <input_file_ref idref="fl-7"/>
      </object_component>
      <object_component id="oc-40">
         <name>.debug_abbrev</name>
         <load_address>0x732</load_address>
         <run_address>0x732</run_address>
         <size>0x92</size>
         <input_file_ref idref="fl-8"/>
      </object_component>
      <object_component id="oc-44">
         <name>.debug_abbrev</name>
         <load_address>0x7c4</load_address>
         <run_address>0x7c4</run_address>
         <size>0x2c</size>
         <input_file_ref idref="fl-13"/>
      </object_component>
      <object_component id="oc-48">
         <name>.debug_abbrev</name>
         <load_address>0x7f0</load_address>
         <run_address>0x7f0</run_address>
         <size>0x2c</size>
         <input_file_ref idref="fl-14"/>
      </object_component>
      <object_component id="oc-4d">
         <name>.debug_abbrev</name>
         <load_address>0x81c</load_address>
         <run_address>0x81c</run_address>
         <size>0x2c</size>
         <input_file_ref idref="fl-15"/>
      </object_component>
      <object_component id="oc-52">
         <name>.debug_abbrev</name>
         <load_address>0x848</load_address>
         <run_address>0x848</run_address>
         <size>0x2c</size>
         <input_file_ref idref="fl-17"/>
      </object_component>
      <object_component id="oc-57">
         <name>.debug_abbrev</name>
         <load_address>0x874</load_address>
         <run_address>0x874</run_address>
         <size>0x198</size>
         <input_file_ref idref="fl-18"/>
      </object_component>
      <object_component id="oc-5b">
         <name>.debug_abbrev</name>
         <load_address>0xa0c</load_address>
         <run_address>0xa0c</run_address>
         <size>0xd4</size>
         <input_file_ref idref="fl-19"/>
      </object_component>
      <object_component id="oc-5f">
         <name>.debug_abbrev</name>
         <load_address>0xae0</load_address>
         <run_address>0xae0</run_address>
         <size>0x3a</size>
         <input_file_ref idref="fl-1a"/>
      </object_component>
      <object_component id="oc-63">
         <name>.debug_abbrev</name>
         <load_address>0xb1a</load_address>
         <run_address>0xb1a</run_address>
         <size>0x112</size>
         <input_file_ref idref="fl-1b"/>
      </object_component>
      <object_component id="oc-67">
         <name>.debug_abbrev</name>
         <load_address>0xc2c</load_address>
         <run_address>0xc2c</run_address>
         <size>0xb5</size>
         <input_file_ref idref="fl-1c"/>
      </object_component>
      <object_component id="oc-6e">
         <name>.debug_abbrev</name>
         <load_address>0xce1</load_address>
         <run_address>0xce1</run_address>
         <size>0xf7</size>
         <input_file_ref idref="fl-1d"/>
      </object_component>
      <object_component id="oc-72">
         <name>.debug_abbrev</name>
         <load_address>0xdd8</load_address>
         <run_address>0xdd8</run_address>
         <size>0x118</size>
         <input_file_ref idref="fl-1e"/>
      </object_component>
      <object_component id="oc-76">
         <name>.debug_abbrev</name>
         <load_address>0xef0</load_address>
         <run_address>0xef0</run_address>
         <size>0x136</size>
         <input_file_ref idref="fl-1f"/>
      </object_component>
      <object_component id="oc-7a">
         <name>.debug_abbrev</name>
         <load_address>0x1026</load_address>
         <run_address>0x1026</run_address>
         <size>0x8f</size>
         <input_file_ref idref="fl-20"/>
      </object_component>
      <object_component id="oc-7e">
         <name>.debug_abbrev</name>
         <load_address>0x10b5</load_address>
         <run_address>0x10b5</run_address>
         <size>0xb7</size>
         <input_file_ref idref="fl-21"/>
      </object_component>
      <object_component id="oc-82">
         <name>.debug_abbrev</name>
         <load_address>0x116c</load_address>
         <run_address>0x116c</run_address>
         <size>0x8f</size>
         <input_file_ref idref="fl-22"/>
      </object_component>
      <object_component id="oc-87">
         <name>.debug_abbrev</name>
         <load_address>0x11fb</load_address>
         <run_address>0x11fb</run_address>
         <size>0xc2</size>
         <input_file_ref idref="fl-23"/>
      </object_component>
      <object_component id="oc-8d">
         <name>.debug_abbrev</name>
         <load_address>0x12bd</load_address>
         <run_address>0x12bd</run_address>
         <size>0x1a2</size>
         <input_file_ref idref="fl-24"/>
      </object_component>
      <object_component id="oc-91">
         <name>.debug_abbrev</name>
         <load_address>0x145f</load_address>
         <run_address>0x145f</run_address>
         <size>0x9a</size>
         <input_file_ref idref="fl-25"/>
      </object_component>
      <object_component id="oc-95">
         <name>.debug_abbrev</name>
         <load_address>0x14f9</load_address>
         <run_address>0x14f9</run_address>
         <size>0x111</size>
         <input_file_ref idref="fl-26"/>
      </object_component>
      <object_component id="oc-99">
         <name>.debug_abbrev</name>
         <load_address>0x160a</load_address>
         <run_address>0x160a</run_address>
         <size>0x1a2</size>
         <input_file_ref idref="fl-27"/>
      </object_component>
      <object_component id="oc-9d">
         <name>.debug_abbrev</name>
         <load_address>0x17ac</load_address>
         <run_address>0x17ac</run_address>
         <size>0x11e</size>
         <input_file_ref idref="fl-28"/>
      </object_component>
      <object_component id="oc-a1">
         <name>.debug_abbrev</name>
         <load_address>0x18ca</load_address>
         <run_address>0x18ca</run_address>
         <size>0x38</size>
         <input_file_ref idref="fl-29"/>
      </object_component>
      <object_component id="oc-a7">
         <name>.debug_abbrev</name>
         <load_address>0x1902</load_address>
         <run_address>0x1902</run_address>
         <size>0x225</size>
         <input_file_ref idref="fl-2a"/>
      </object_component>
      <object_component id="oc-ab">
         <name>.debug_abbrev</name>
         <load_address>0x1b27</load_address>
         <run_address>0x1b27</run_address>
[...]
         <object_component_ref idref="oc-6c"/>
      </symbol>
      <symbol id="sm-259">
         <name>__cleanup_ptr</name>
         <value>0x5608</value>
         <object_component_ref idref="oc-69"/>
      </symbol>
      <symbol id="sm-25a">
         <name>__dtors_ptr</name>
         <value>0x560c</value>
         <object_component_ref idref="oc-69"/>
      </symbol>
      <symbol id="sm-264">
         <name>_fclose</name>
         <value>0x273c7</value>
         <object_component_ref idref="oc-6f"/>
      </symbol>
      <symbol id="sm-26e">
         <name>__doflush</name>
         <value>0x26d58</value>
         <object_component_ref idref="oc-73"/>
      </symbol>
      <symbol id="sm-26f">
         <name>_fflush</name>
         <value>0x26dc1</value>
         <object_component_ref idref="oc-73"/>
      </symbol>
      <symbol id="sm-279">
         <name>__fixdi</name>
         <value>0x27bcc</value>
         <object_component_ref idref="oc-77"/>
      </symbol>
      <symbol id="sm-283">
         <name>__fixdli</name>
         <value>0x2759d</value>
         <object_component_ref idref="oc-7b"/>
      </symbol>
      <symbol id="sm-28d">
         <name>__fltid</name>
         <value>0x27ca6</value>
         <object_component_ref idref="oc-7f"/>
      </symbol>
      <symbol id="sm-299">
         <name>__fltlid</name>
         <value>0x276e4</value>
         <object_component_ref idref="oc-83"/>
      </symbol>
      <symbol id="sm-2a8">
         <name>__cleanup</name>
         <value>0x24ead</value>
         <object_component_ref idref="oc-88"/>
      </symbol>
      <symbol id="sm-2a9">
         <name>_fopen</name>
         <value>0x24fd0</value>
         <object_component_ref idref="oc-88"/>
      </symbol>
      <symbol id="sm-2aa">
         <name>_freopen</name>
         <value>0x24f07</value>
         <object_component_ref idref="oc-88"/>
      </symbol>
      <symbol id="sm-2b4">
         <name>__frcmpyd_div</name>
         <value>0x274b8</value>
         <object_component_ref idref="oc-8e"/>
      </symbol>
      <symbol id="sm-2be">
         <name>_fread</name>
         <value>0x268ba</value>
         <object_component_ref idref="oc-92"/>
      </symbol>
      <symbol id="sm-2c8">
         <name>_fscanf</name>
         <value>0x26649</value>
         <object_component_ref idref="oc-96"/>
      </symbol>
      <symbol id="sm-2c9">
         <name>_scanf</name>
         <value>0x2660d</value>
         <object_component_ref idref="oc-96"/>
      </symbol>
      <symbol id="sm-2d5">
         <name>_fwrite</name>
         <value>0x25d2e</value>
         <object_component_ref idref="oc-9a"/>
      </symbol>
      <symbol id="sm-2dd">
         <name>__mpyli</name>
         <value>0x27c71</value>
         <object_component_ref idref="oc-9e"/>
      </symbol>
      <symbol id="sm-2de">
         <name>I$$LMPY</name>
         <value>0x27c71</value>
         <object_component_ref idref="oc-9e"/>
      </symbol>
      <symbol id="sm-2f0">
         <name>_add_device</name>
         <value>0x22f2e</value>
         <object_component_ref idref="oc-a2"/>
      </symbol>
      <symbol id="sm-2f1">
         <name>_rename</name>
         <value>0x22c50</value>
         <object_component_ref idref="oc-a2"/>
      </symbol>
      <symbol id="sm-2f2">
         <name>_read</name>
         <value>0x22cdf</value>
         <object_component_ref idref="oc-a2"/>
      </symbol>
      <symbol id="sm-2f3">
         <name>_unlink</name>
         <value>0x22c1d</value>
         <object_component_ref idref="oc-a2"/>
      </symbol>
      <symbol id="sm-2f4">
         <name>_remove_device</name>
         <value>0x22ca9</value>
         <object_component_ref idref="oc-a2"/>
      </symbol>
      <symbol id="sm-2f5">
         <name>_open</name>
         <value>0x22d8d</value>
         <object_component_ref idref="oc-a2"/>
      </symbol>
      <symbol id="sm-2f6">
         <name>_find_registered_device</name>
         <value>0x22eb2</value>
         <object_component_ref idref="oc-a2"/>
      </symbol>
      <symbol id="sm-2f7">
         <name>_lseek</name>
         <value>0x22e4c</value>
         <object_component_ref idref="oc-a2"/>
      </symbol>
      <symbol id="sm-2f8">
         <name>_close</name>
         <value>0x22ebb</value>
         <object_component_ref idref="oc-a2"/>
      </symbol>
      <symbol id="sm-2f9">
         <name>_write</name>
         <value>0x22adb</value>
         <object_component_ref idref="oc-a2"/>
      </symbol>
      <symbol id="sm-301">
         <name>_memcpy</name>
         <value>0x27adf</value>
         <object_component_ref idref="oc-a8"/>
      </symbol>
      <symbol id="sm-311">
         <name>__sys_memory</name>
         <value>0x5610</value>
         <object_component_ref idref="oc-b0"/>
      </symbol>
      <symbol id="sm-312">
         <name>_chkheap</name>
         <value>0x239cd</value>
         <object_component_ref idref="oc-ac"/>
      </symbol>
      <symbol id="sm-313">
         <name>_realloc</name>
         <value>0x2376c</value>
         <object_component_ref idref="oc-ac"/>
      </symbol>
      <symbol id="sm-314">
         <name>_free_memory</name>
         <value>0x23977</value>
         <object_component_ref idref="oc-ac"/>
      </symbol>
      <symbol id="sm-315">
         <name>_max_free</name>
         <value>0x2391d</value>
         <object_component_ref idref="oc-ac"/>
      </symbol>
      <symbol id="sm-316">
         <name>_free</name>
         <value>0x23546</value>
         <object_component_ref idref="oc-ac"/>
      </symbol>
      <symbol id="sm-317">
         <name>_calloc</name>
         <value>0x239d5</value>
         <object_component_ref idref="oc-ac"/>
      </symbol>
      <symbol id="sm-318">
         <name>_malloc</name>
         <value>0x23677</value>
         <object_component_ref idref="oc-ac"/>
      </symbol>
      <symbol id="sm-319">
         <name>_minit</name>
         <value>0x23612</value>
         <object_component_ref idref="oc-ac"/>
      </symbol>
      <symbol id="sm-323">
         <name>__mpyd</name>
         <value>0x2676e</value>
         <object_component_ref idref="oc-b3"/>
      </symbol>
      <symbol id="sm-32d">
         <name>_printf</name>
         <value>0x27923</value>
         <object_component_ref idref="oc-b7"/>
      </symbol>
      <symbol id="sm-337">
         <name>_remove</name>
         <value>0x27cb2</value>
         <object_component_ref idref="oc-bb"/>
      </symbol>
      <symbol id="sm-343">
         <name>__nround</name>
         <value>0x27814</value>
         <object_component_ref idref="oc-bf"/>
      </symbol>
      <symbol id="sm-354">
         <name>_sin</name>
         <value>0x25b3c</value>
         <object_component_ref idref="oc-c4"/>
      </symbol>
      <symbol id="sm-35e">
         <name>__subd</name>
         <value>0x27c5d</value>
         <object_component_ref idref="oc-cb"/>
      </symbol>
      <symbol id="sm-36a">
         <name>_HOSTopen</name>
         <value>0x23329</value>
         <object_component_ref idref="oc-cf"/>
      </symbol>
      <symbol id="sm-36b">
         <name>_HOSTread</name>
         <value>0x2329c</value>
         <object_component_ref idref="oc-cf"/>
      </symbol>
      <symbol id="sm-36c">
         <name>_HOSTtime</name>
         <value>0x23190</value>
         <object_component_ref idref="oc-cf"/>
      </symbol>
      <symbol id="sm-36d">
         <name>_getenv</name>
         <value>0x2301e</value>
         <object_component_ref idref="oc-cf"/>
      </symbol>
      <symbol id="sm-36e">
         <name>_HOSTrename</name>
         <value>0x231ee</value>
         <object_component_ref idref="oc-cf"/>
      </symbol>
      <symbol id="sm-36f">
         <name>_HOSTclock</name>
         <value>0x234e8</value>
         <object_component_ref idref="oc-cf"/>
      </symbol>
      <symbol id="sm-370">
         <name>_HOSTwrite</name>
         <value>0x23099</value>
         <object_component_ref idref="oc-cf"/>
      </symbol>
      <symbol id="sm-371">
         <name>_HOSTlseek</name>
         <value>0x233c8</value>
         <object_component_ref idref="oc-cf"/>
      </symbol>
      <symbol id="sm-372">
         <name>_HOSTunlink</name>
         <value>0x23126</value>
         <object_component_ref idref="oc-cf"/>
      </symbol>
      <symbol id="sm-373">
         <name>_HOSTclose</name>
         <value>0x2347d</value>
         <object_component_ref idref="oc-cf"/>
      </symbol>
      <symbol id="sm-385">
         <name>C$$IO$$</name>
         <value>0x26f8e</value>
         <object_component_ref idref="oc-d7"/>
      </symbol>
      <symbol id="sm-386">
         <name>__CIOBUF_</name>
         <value>0x40000</value>
         <object_component_ref idref="oc-d6"/>
      </symbol>
      <symbol id="sm-387">
         <name>_readmsg</name>
         <value>0x2760c</value>
         <object_component_ref idref="oc-d4"/>
      </symbol>
      <symbol id="sm-388">
         <name>_writemsg</name>
         <value>0x26ed9</value>
         <object_component_ref idref="oc-d7"/>
      </symbol>
      <symbol id="sm-394">
         <name>__trunc</name>
         <value>0x27a9e</value>
         <object_component_ref idref="oc-da"/>
      </symbol>
      <symbol id="sm-39c">
         <name>__remu</name>
         <value>0x27c0b</value>
         <object_component_ref idref="oc-df"/>
      </symbol>
      <symbol id="sm-39d">
         <name>__divu</name>
         <value>0x27bf6</value>
         <object_component_ref idref="oc-df"/>
      </symbol>
      <symbol id="sm-39e">
         <name>I$$UMOD</name>
         <value>0x27c0b</value>
         <object_component_ref idref="oc-df"/>
      </symbol>
      <symbol id="sm-39f">
         <name>I$$UDIV</name>
         <value>0x27bf6</value>
         <object_component_ref idref="oc-df"/>
      </symbol>
      <symbol id="sm-3a9">
         <name>_ungetc</name>
         <value>0x27223</value>
         <object_component_ref idref="oc-e3"/>
      </symbol>
      <symbol id="sm-3b3">
         <name>_Reset</name>
         <value>0x4fe00</value>
         <object_component_ref idref="oc-13"/>
      </symbol>
      <symbol id="sm-3bd">
         <name>__buff_read</name>
         <value>0x26f93</value>
         <object_component_ref idref="oc-eb"/>
      </symbol>
      <symbol id="sm-3c7">
         <name>__rd_ok</name>
         <value>0x26c25</value>
         <object_component_ref idref="oc-ef"/>
      </symbol>
      <symbol id="sm-3c8">
         <name>__wrt_ok</name>
         <value>0x26ba5</value>
         <object_component_ref idref="oc-ef"/>
      </symbol>
      <symbol id="sm-3d6">
         <name>__unlock</name>
         <value>0x5604</value>
         <object_component_ref idref="oc-f4"/>
      </symbol>
      <symbol id="sm-3d7">
         <name>__lock</name>
         <value>0x5600</value>
         <object_component_ref idref="oc-f4"/>
      </symbol>
      <symbol id="sm-3d8">
         <name>__register_lock</name>
         <value>0x27c8c</value>
         <object_component_ref idref="oc-f3"/>
      </symbol>
      <symbol id="sm-3d9">
         <name>__nop</name>
         <value>0x27c94</value>
         <object_component_ref idref="oc-f3"/>
      </symbol>
      <symbol id="sm-3da">
         <name>__register_unlock</name>
         <value>0x27c84</value>
         <object_component_ref idref="oc-f3"/>
      </symbol>
      <symbol id="sm-3ec">
         <name>__printfi</name>
         <value>0x21362</value>
         <object_component_ref idref="oc-f9"/>
      </symbol>
      <symbol id="sm-3fa">
         <name>__scanfi</name>
         <value>0x21f77</value>
         <object_component_ref idref="oc-ff"/>
      </symbol>
      <symbol id="sm-404">
         <name>__args_main</name>
         <value>0x279c0</value>
         <object_component_ref idref="oc-103"/>
      </symbol>
      <symbol id="sm-405">
         <name>__TI_args_main</name>
         <value>0x1</value>
      </symbol>
      <symbol id="sm-40f">
         <name>_atoi</name>
         <value>0x27873</value>
         <object_component_ref idref="oc-107"/>
      </symbol>
      <symbol id="sm-417">
         <name>_auto_init</name>
         <value>0x27973</value>
         <object_component_ref idref="oc-10b"/>
      </symbol>
      <symbol id="sm-421">
         <name>__eqld</name>
         <value>0x2607a</value>
         <object_component_ref idref="oc-10f"/>
      </symbol>
      <symbol id="sm-422">
         <name>__cmpd</name>
         <value>0x260ae</value>
         <object_component_ref idref="oc-10f"/>
      </symbol>
      <symbol id="sm-423">
         <name>__neqd</name>
         <value>0x25f1c</value>
         <object_component_ref idref="oc-10f"/>
      </symbol>
      <symbol id="sm-424">
         <name>__gtrd</name>
         <value>0x25fe5</value>
         <object_component_ref idref="oc-10f"/>
      </symbol>
      <symbol id="sm-425">
         <name>__geqd</name>
         <value>0x26030</value>
         <object_component_ref idref="oc-10f"/>
      </symbol>
      <symbol id="sm-426">
         <name>__leqd</name>
         <value>0x25f98</value>
         <object_component_ref idref="oc-10f"/>
      </symbol>
      <symbol id="sm-427">
         <name>__lssd</name>
         <value>0x25f50</value>
         <object_component_ref idref="oc-10f"/>
      </symbol>
      <symbol id="sm-42f">
         <name>__ctypes_</name>
         <value>0x7700</value>
         <object_component_ref idref="oc-17b"/>
      </symbol>
      <symbol id="sm-439">
         <name>__tmpnams</name>
         <value>0x5208</value>
         <object_component_ref idref="oc-115"/>
      </symbol>
      <symbol id="sm-43a">
         <name>__ft_end</name>
         <value>0x5348</value>
         <object_component_ref idref="oc-115"/>
      </symbol>
      <symbol id="sm-43b">
         <name>__ftable</name>
         <value>0x5118</value>
         <object_component_ref idref="oc-115"/>
      </symbol>
      <symbol id="sm-445">
         <name>_getchar</name>
         <value>0x27214</value>
         <object_component_ref idref="oc-119"/>
      </symbol>
      <symbol id="sm-446">
         <name>_getc</name>
         <value>0x27188</value>
         <object_component_ref idref="oc-119"/>
      </symbol>
      <symbol id="sm-447">
         <name>_fgetc</name>
         <value>0x27188</value>
         <object_component_ref idref="oc-119"/>
      </symbol>
      <symbol id="sm-451">
         <name>_putchar</name>
         <value>0x270d8</value>
         <object_component_ref idref="oc-11d"/>
      </symbol>
      <symbol id="sm-452">
         <name>_putc</name>
         <value>0x27041</value>
         <object_component_ref idref="oc-11d"/>
      </symbol>
      <symbol id="sm-453">
         <name>_fputc</name>
         <value>0x27041</value>
         <object_component_ref idref="oc-11d"/>
      </symbol>
      <symbol id="sm-461">
         <name>_puts</name>
         <value>0x265df</value>
         <object_component_ref idref="oc-121"/>
      </symbol>
      <symbol id="sm-462">
         <name>_fputs</name>
         <value>0x264aa</value>
         <object_component_ref idref="oc-121"/>
      </symbol>
      <symbol id="sm-46c">
         <name>__frcmpyd</name>
         <value>0x27442</value>
         <object_component_ref idref="oc-126"/>
      </symbol>
      <symbol id="sm-476">
         <name>_fseek</name>
         <value>0x27679</value>
         <object_component_ref idref="oc-12a"/>
      </symbol>
      <symbol id="sm-480">
         <name>___isinf</name>
         <value>0x27c43</value>
         <object_component_ref idref="oc-12e"/>
      </symbol>
      <symbol id="sm-48a">
         <name>__divull</name>
         <value>0x25140</value>
         <object_component_ref idref="oc-132"/>
      </symbol>
      <symbol id="sm-48b">
         <name>__mpylli</name>
         <value>0x25088</value>
         <object_component_ref idref="oc-132"/>
      </symbol>
      <symbol id="sm-48c">
         <name>__remlli</name>
         <value>0x25059</value>
         <object_component_ref idref="oc-132"/>
      </symbol>
      <symbol id="sm-48d">
         <name>__divlli</name>
         <value>0x25234</value>
         <object_component_ref idref="oc-132"/>
      </symbol>
      <symbol id="sm-48e">
         <name>__remull</name>
         <value>0x2500b</value>
         <object_component_ref idref="oc-132"/>
      </symbol>
      <symbol id="sm-498">
         <name>_ltoa</name>
         <value>0x2734a</value>
         <object_component_ref idref="oc-136"/>
      </symbol>
      <symbol id="sm-4a3">
         <name>_memccpy</name>
         <value>0x27c20</value>
         <object_component_ref idref="oc-13a"/>
      </symbol>
      <symbol id="sm-4af">
         <name>_modf</name>
         <value>0x26e1a</value>
         <object_component_ref idref="oc-13e"/>
      </symbol>
      <symbol id="sm-4b9">
         <name>__negd</name>
         <value>0x27c96</value>
         <object_component_ref idref="oc-143"/>
      </symbol>
      <symbol id="sm-4c3">
         <name>__remli</name>
         <value>0x27a0b</value>
         <object_component_ref idref="oc-147"/>
      </symbol>
      <symbol id="sm-4ce">
         <name>__remul</name>
         <value>0x2752b</value>
         <object_component_ref idref="oc-14b"/>
      </symbol>
      <symbol id="sm-4d8">
         <name>_setvbuf</name>
         <value>0x26abf</value>
         <object_component_ref idref="oc-14f"/>
      </symbol>
      <symbol id="sm-4e8">
         <name>_strtod</name>
         <value>0x24830</value>
         <object_component_ref idref="oc-153"/>
      </symbol>
      <symbol id="sm-4f2">
         <name>_strtol</name>
         <value>0x25934</value>
         <object_component_ref idref="oc-158"/>
      </symbol>
      <symbol id="sm-502">
         <name>_strtold</name>
         <value>0x24aed</value>
         <object_component_ref idref="oc-15c"/>
      </symbol>
      <symbol id="sm-50c">
         <name>_strtoll</name>
         <value>0x2452f</value>
         <object_component_ref idref="oc-161"/>
      </symbol>
      <symbol id="sm-516">
         <name>_strtoul</name>
         <value>0x262d9</value>
         <object_component_ref idref="oc-165"/>
      </symbol>
      <symbol id="sm-520">
         <name>_strtoull</name>
         <value>0x254c3</value>
         <object_component_ref idref="oc-169"/>
      </symbol>
      <symbol id="sm-52a">
         <name>__divli</name>
         <value>0x27a56</value>
         <object_component_ref idref="oc-16d"/>
      </symbol>
      <symbol id="sm-534">
         <name>_errno</name>
         <value>0x54ea</value>
         <object_component_ref idref="oc-171"/>
      </symbol>
      <symbol id="sm-53c">
         <name>__remi</name>
         <value>0x27b7b</value>
         <object_component_ref idref="oc-175"/>
      </symbol>
      <symbol id="sm-53d">
         <name>__divi</name>
         <value>0x27b5c</value>
         <object_component_ref idref="oc-175"/>
      </symbol>
      <symbol id="sm-53e">
         <name>I$$MOD</name>
         <value>0x27b7b</value>
         <object_component_ref idref="oc-175"/>
      </symbol>
      <symbol id="sm-53f">
         <name>I$$DIV</name>
         <value>0x27b5c</value>
         <object_component_ref idref="oc-175"/>
      </symbol>
   </symbol_table>
</link_info>
